[2026-08-31 12:55:53.605] [parallelSortingLogger] [info] Best multi row and column move can fill 6 at a cost of 31.006005726041835 per gap
[2026-08-31 12:55:56.028] [parallelSortingLogger] [info] Best single index move function found 1 moves
[2026-08-31 12:55:56.028] [parallelSortingLogger] [info] Best single index move can fill 6 at a cost of 29.645399665375166 per gap
[2026-08-31 12:55:56.028] [parallelSortingLogger] [info] Executing move, rows: (1 2 4 5 8 9 )->(2 3 4 6 7 8 ), cols: (0 1 )->(3 6 )
[2026-08-31 12:55:56.028] [parallelSortingLogger] [info] State after move execution: 
 ██   █ ██ 
  █     █  
  ███▒██▒  
  ▒█▒▒███ █
  ▒█▒▒█▒███
  █████▒▒█ 
  ▒███▒██  
 █▒███████ 
  ████████ 
  ███ █████
 █  █ █ █  

[2026-08-31 12:55:56.058] [parallelSortingLogger] [info] Best multi row and column move can fill 4 at a cost of 60.795372226062746 per gap
[2026-08-31 12:55:56.070] [parallelSortingLogger] [info] Best single index move function found 1 moves
[2026-08-31 12:55:56.070] [parallelSortingLogger] [info] Best single index move can fill 4 at a cost of 48.54991768006275 per gap
[2026-08-31 12:55:56.070] [parallelSortingLogger] [info] Executing move, rows: (1 9 )->(3 4 ), cols: (2 3 4 6 )->(2 4 5 7 )
[2026-08-31 12:55:56.070] [parallelSortingLogger] [info] State after move execution: 
 ██   █ ██ 
        █  
  ███▒██▒  
  ██▒▒███ █
  █████████
  █████▒▒█ 
  ▒███▒██  
 █▒███████ 
  ████████ 
       ████
 █  █ █ █  

[2026-08-31 12:55:56.093] [parallelSortingLogger] [info] Best multi row and column move can fill 0 at a cost of inf per gap
[2026-08-31 12:55:56.107] [parallelSortingLogger] [info] Best single index move function found 2 moves
[2026-08-31 12:55:56.107] [parallelSortingLogger] [info] Best single index move can fill 2 at a cost of 84.8543808141255 per gap
[2026-08-31 12:55:56.107] [parallelSortingLogger] [info] Executing move, rows: (3 4 10 )->(2 5 7 ), cols: (1 9 10 )->(2 7 8 )
[2026-08-31 12:55:56.107] [parallelSortingLogger] [info] State after move execution: 
 ██   █ ██ 
        █  
  ███▒███  
  ██▒▒███  
  ███████  
  ████████ 
  ▒███▒██  
 █████████ 
  ████████ 
       ████
    █ █ █  

[2026-08-31 12:55:56.125] [parallelSortingLogger] [info] Best multi row and column move can fill 0 at a cost of inf per gap
[2026-08-31 12:55:56.133] [parallelSortingLogger] [info] Best single index move function found 1 moves
[2026-08-31 12:55:56.133] [parallelSortingLogger] [info] Best single index move can fill 2 at a cost of 101.1816535421255 per gap
[2026-08-31 12:55:56.133] [parallelSortingLogger] [info] Executing move, rows: (0 )->(6 ), cols: (1 6 )->(2 6 )
[2026-08-31 12:55:56.133] [parallelSortingLogger] [info] State after move execution: 
  █     ██ 
        █  
  ███▒███  
  ██▒▒███  
  ███████  
  ████████ 
  ███████  
 █████████ 
  ████████ 
       ████
    █ █ █  

[2026-08-31 12:55:56.155] [parallelSortingLogger] [info] Best multi row and column move can fill 0 at a cost of inf per gap
[2026-08-31 12:55:56.155] [parallelSortingLogger] [info] Best single index move function found 1 moves
[2026-08-31 12:55:56.155] [parallelSortingLogger] [info] Best single index move can fill 2 at a cost of 105.2634717241255 per gap
[2026-08-31 12:55:56.155] [parallelSortingLogger] [info] Executing move, rows: (10 )->(3 ), cols: (4 6 )->(4 5 )
[2026-08-31 12:55:56.155] [parallelSortingLogger] [info] State after move execution: 
  █     ██ 
        █  
  ███▒███  
  ███████  
  ███████  
  ████████ 
  ███████  
 █████████ 
  ████████ 
       ████
        █  

[2026-08-31 12:55:56.156] [parallelSortingLogger] [info] Best multi row and column move can fill 0 at a cost of inf per gap
[2026-08-31 12:55:56.156] [parallelSortingLogger] [info] Best single index move function found 1 moves
[2026-08-31 12:55:56.156] [parallelSortingLogger] [info] Best single index move can fill 1 at a cost of 177.872397992251 per gap
[2026-08-31 12:55:56.156] [parallelSortingLogger] [info] Executing move, rows: (1 )->(2 ), cols: (8 )->(5 )
[2026-08-31 12:55:56.156] [parallelSortingLogger] [info] State after move execution: 
  █     ██ 
           
  ███████  
  ███████  
  ███████  
  ████████ 
  ███████  
 █████████ 
  ████████ 
       ████
        █  

[2026-08-31 12:55:56.156] [parallelSortingLogger] [info] Total time taken by move function 0: 152042825ns
[2026-08-31 12:55:56.156] [parallelSortingLogger] [info] Total time taken by move function 1: 18697ns
[2026-08-31 12:55:56.156] [parallelSortingLogger] [info] Total time taken by move function 2: 2457081549ns
[2026-08-31 12:55:56.156] [parallelSortingLogger] [info] Best multi row and column move can fill 10 at a cost of 20.2363307084251 per gap
[2026-08-31 12:55:56.156] [parallelSortingLogger] [info] Best single index move function found 1 moves
[2026-08-31 12:55:56.156] [parallelSortingLogger] [info] Best single index move can fill 6 at a cost of 26.92418754404183 per gap
[2026-08-31 12:55:56.156] [parallelSortingLogger] [info] Executing move, rows: (0 2 5 6 7 9 )->(2 3 4 5 7 8 ), cols: (1 9 )->(2 3 )
[2026-08-31 12:55:56.156] [parallelSortingLogger] [info] State after move execution: 
  ███  █   
  ██ ████ █
  ███▒▒▒▒ █
████▒██▒▒  
 ████▒▒▒█ █
  ███▒▒█▒  
█ ██▒▒▒▒█  
█ ██████▒ █
██████▒██  
  ███████ █
██      █ █

[2026-08-31 12:55:56.156] [parallelSortingLogger] [info] Best multi row and column move can fill 4 at a cost of 54.67264495306275 per gap
[2026-08-31 12:55:56.156] [parallelSortingLogger] [info] Best single index move function found 1 moves
[2026-08-31 12:55:56.156] [parallelSortingLogger] [info] Best single index move can fill 4 at a cost of 39.540909091 per gap
[2026-08-31 12:55:56.156] [parallelSortingLogger] [info] Executing move, rows: (1 10 )->(2 7 ), cols: (5 6 7 8 )->(5 6 7 8 )
[2026-08-31 12:55:56.156] [parallelSortingLogger] [info] State after move execution: 
  ███  █   
  ██      █
  ███████ █
████▒██▒▒  
 ████▒▒▒█ █
  ███▒▒█▒  
█ ██▒▒▒▒█  
█ ███████ █
██████▒██  
  ███████ █
██        █

[2026-08-31 12:55:56.157] [parallelSortingLogger] [info] Best multi row and column move can fill 0 at a cost of inf per gap
[2026-08-31 12:55:56.157] [parallelSortingLogger] [info] Best single index move function found 2 moves
[2026-08-31 12:55:56.157] [parallelSortingLogger] [info] Best single index move can fill 4 at a cost of 44.46809949806275 per gap
[2026-08-31 12:55:56.157] [parallelSortingLogger] [info] Executing move, rows: (1 9 )->(3 6 ), cols: (3 4 5 6 )->(4 5 6 7 )
[2026-08-31 12:55:56.157] [parallelSortingLogger] [info] State after move execution: 
  ███  █   
  █       █
  ███████ █
███████▒▒  
 ████▒▒▒█ █
  ███▒▒█▒  
█ ███████  
█ ███████ █
██████▒██  
  █    ██ █
██        █

[2026-08-31 12:55:56.157] [parallelSortingLogger] [info] Best multi row and column move can fill 4 at a cost of 50.59082677106275 per gap
[2026-08-31 12:55:56.157] [parallelSortingLogger] [info] Best single index move function found 2 moves
[2026-08-31 12:55:56.157] [parallelSortingLogger] [info] Best single index move can fill 3 at a cost of 67.45443569475033 per gap
[2026-08-31 12:55:56.157] [parallelSortingLogger] [info] Executing move, rows: (0 9 )->(4 5 ), cols: (2 7 8 )->(5 6 8 )
[2026-08-31 12:55:56.157] [parallelSortingLogger] [info] State after move execution: 
   ██      
  █       █
  ███████ █
███████▒▒  
 ██████▒█ █
  ███████  
█ ███████  
█ ███████ █
██████▒██  
          █
██        █

[2026-08-31 12:55:56.157] [parallelSortingLogger] [info] Best multi row and column move can fill 0 at a cost of inf per gap
[2026-08-31 12:55:56.157] [parallelSortingLogger] [info] Best single index move function found 1 moves
[2026-08-31 12:55:56.157] [parallelSortingLogger] [info] Best single index move can fill 2 at a cost of 88.9361989961255 per gap
[2026-08-31 12:55:56.157] [parallelSortingLogger] [info] Executing move, rows: (2 4 8 )->(3 4 8 ), cols: (0 10 )->(6 7 )
[2026-08-31 12:55:56.157] [parallelSortingLogger] [info] State after move execution: 
   ██      
  █       █
  ███████  
████████▒  
 ████████  
  ███████  
█ ███████  
█ ███████ █
 ████████  
          █
██        █

[2026-08-31 12:55:56.158] [parallelSortingLogger] [info] Best multi row and column move can fill 0 at a cost of inf per gap
[2026-08-31 12:55:56.158] [parallelSortingLogger] [info] Best single index move function found 1 moves
[2026-08-31 12:55:56.158] [parallelSortingLogger] [info] Best single index move can fill 1 at a cost of 210.526943448251 per gap
[2026-08-31 12:55:56.158] [parallelSortingLogger] [info] Executing move, rows: (3 )->(3 ), cols: (1 )->(8 )
[2026-08-31 12:55:56.158] [parallelSortingLogger] [info] State after move execution: 
   ██      
  █       █
  ███████  
█ ███████  
 ████████  
  ███████  
█ ███████  
█ ███████ █
 ████████  
          █
██        █

[2026-08-31 12:55:56.158] [parallelSortingLogger] [info] Total time taken by move function 0: 1119715ns
[2026-08-31 12:55:56.158] [parallelSortingLogger] [info] Total time taken by move function 1: 9344ns
[2026-08-31 12:55:56.158] [parallelSortingLogger] [info] Total time taken by move function 2: 629057ns
[2026-08-31 12:55:56.158] [parallelSortingLogger] [info] Best multi row and column move can fill 6 at a cost of 29.645399665375166 per gap
[2026-08-31 12:55:56.158] [parallelSortingLogger] [info] Best single index move function found 1 moves
[2026-08-31 12:55:56.158] [parallelSortingLogger] [info] Best single index move can fill 6 at a cost of 26.92418754404183 per gap
[2026-08-31 12:55:56.158] [parallelSortingLogger] [info] Executing move, rows: (1 10 )->(2 8 ), cols: (1 3 5 6 7 9 )->(2 4 5 6 7 8 )
[2026-08-31 12:55:56.158] [parallelSortingLogger] [info] State after move execution: 
██  ██ ██  
█         █
█████████ █
███▒██▒██ █
███▒█▒▒██  
█ █▒█▒█▒█  
███▒▒██▒▒  
█ █▒█▒██▒ █
█ ██▒██▒█ █
██   ██    
  █ █   █  

[2026-08-31 12:55:56.158] [parallelSortingLogger] [info] Best multi row and column move can fill 6 at a cost of 31.006005726041835 per gap
[2026-08-31 12:55:56.158] [parallelSortingLogger] [info] Best single index move function found 1 moves
[2026-08-31 12:55:56.158] [parallelSortingLogger] [info] Best single index move can fill 5 at a cost of 35.574479598450196 per gap
[2026-08-31 12:55:56.158] [parallelSortingLogger] [info] Executing move, rows: (2 3 4 5 6 )->(3 4 5 6 7 ), cols: (0 10 )->(3 6 )
[2026-08-31 12:55:56.158] [parallelSortingLogger] [info] Investigated next-best move has cost per corrected site 26.576576336607285, threshold: 26.576576336607285
[2026-08-31 12:55:56.158] [parallelSortingLogger] [info] Executing move, rows: (3 4 5 6 )->(4 5 6 7 ), cols: (0 1 )->(3 5 )
[2026-08-31 12:55:56.158] [parallelSortingLogger] [info] State after move execution: 
██  ██ ██  
█         █
 ████████  
  ███████  
  ███████  
  █████▒█  
  ██▒██▒▒  
█ ██████▒ █
█ ██▒██▒█ █
██   ██    
  █ █   █  

[2026-08-31 12:55:56.159] [parallelSortingLogger] [info] Best multi row and column move can fill 4 at a cost of 50.59082677106275 per gap
[2026-08-31 12:55:56.159] [parallelSortingLogger] [info] Best single index move function found 1 moves
[2026-08-31 12:55:56.159] [parallelSortingLogger] [info] Best single index move can fill 3 at a cost of 66.32727272800001 per gap
[2026-08-31 12:55:56.159] [parallelSortingLogger] [info] Executing move, rows: (0 1 10 )->(6 7 8 ), cols: (4 8 10 )->(4 7 8 )
[2026-08-31 12:55:56.159] [parallelSortingLogger] [info] State after move execution: 
██   █ █   
█          
 ████████  
  ███████  
  ███████  
  █████▒█  
  ██████▒  
█ ███████ █
█ ███████ █
██   ██    
  █        

[2026-08-31 12:55:56.159] [parallelSortingLogger] [info] Best multi row and column move can fill 0 at a cost of inf per gap
[2026-08-31 12:55:56.159] [parallelSortingLogger] [info] Best single index move function found 1 moves
[2026-08-31 12:55:56.159] [parallelSortingLogger] [info] Best single index move can fill 1 at a cost of 169.708761628251 per gap
[2026-08-31 12:55:56.159] [parallelSortingLogger] [info] Executing move, rows: (2 7 )->(5 6 ), cols: (1 10 )->(7 8 )
[2026-08-31 12:55:56.159] [parallelSortingLogger] [info] State after move execution: 
██   █ █   
█          
  ███████  
  ███████  
  ███████  
  ███████  
  ███████  
█ ███████  
█ ███████ █
██   ██    
  █        

[2026-08-31 12:55:56.159] [parallelSortingLogger] [info] Total time taken by move function 0: 962213ns
[2026-08-31 12:55:56.159] [parallelSortingLogger] [info] Total time taken by move function 1: 5938ns
[2026-08-31 12:55:56.159] [parallelSortingLogger] [info] Total time taken by move function 2: 260607ns
[2026-08-31 12:55:56.159] [parallelSortingLogger] [info] Best multi row and column move can fill 8 at a cost of 25.295413385531376 per gap
[2026-08-31 12:55:56.159] [parallelSortingLogger] [info] Best single index move function found 2 moves
[2026-08-31 12:55:56.159] [parallelSortingLogger] [info] Best single index move can fill 3 at a cost of 56.569587209417 per gap
[2026-08-31 12:55:56.159] [parallelSortingLogger] [info] Executing move, rows: (0 2 8 9 )->(3 4 5 6 ), cols: (0 1 8 9 10 )->(3 5 6 7 8 )
[2026-08-31 12:55:56.159] [parallelSortingLogger] [info] State after move execution: 
  █ █ ██   
█   ███    
  ███▒██▒  
█ ▒█▒████ █
  ██▒█▒████
██████▒███ 
  ██▒▒█▒█ █
█ ▒█▒███▒ █
  ▒████▒▒  
  █        
█   █  █ ██

[2026-08-31 12:55:56.160] [parallelSortingLogger] [info] Best multi row and column move can fill 0 at a cost of inf per gap
[2026-08-31 12:55:56.160] [parallelSortingLogger] [info] Best single index move function found 2 moves
[2026-08-31 12:55:56.160] [parallelSortingLogger] [info] Best single index move can fill 3 at a cost of 62.01201145208367 per gap
[2026-08-31 12:55:56.160] [parallelSortingLogger] [info] Executing move, rows: (3 4 6 7 )->(3 4 6 7 ), cols: (0 10 )->(2 4 )
[2026-08-31 12:55:56.160] [parallelSortingLogger] [info] State after move execution: 
  █ █ ██   
█   ███    
  ███▒██▒  
  ███████  
  ████▒███ 
██████▒███ 
  ███▒█▒█  
  ██████▒  
  ▒████▒▒  
  █        
█   █  █ ██

[2026-08-31 12:55:56.160] [parallelSortingLogger] [info] Best multi row and column move can fill 0 at a cost of inf per gap
[2026-08-31 12:55:56.160] [parallelSortingLogger] [info] Best single index move function found 2 moves
[2026-08-31 12:55:56.160] [parallelSortingLogger] [info] Best single index move can fill 3 at a cost of 72.896859937417 per gap
[2026-08-31 12:55:56.160] [parallelSortingLogger] [info] Executing move, rows: (9 10 )->(6 8 ), cols: (0 2 7 9 )->(2 5 7 8 )
[2026-08-31 12:55:56.160] [parallelSortingLogger] [info] State after move execution: 
  █ █ ██   
█   ███    
  ███▒██▒  
  ███████  
  ████▒███ 
██████▒███ 
  █████▒█  
  ██████▒  
  ███████  
           
    █     █

[2026-08-31 12:55:56.160] [parallelSortingLogger] [info] Best multi row and column move can fill 0 at a cost of inf per gap
[2026-08-31 12:55:56.160] [parallelSortingLogger] [info] Best single index move function found 1 moves
[2026-08-31 12:55:56.160] [parallelSortingLogger] [info] Best single index move can fill 2 at a cost of 84.8543808141255 per gap
[2026-08-31 12:55:56.160] [parallelSortingLogger] [info] Executing move, rows: (0 )->(2 ), cols: (4 7 )->(5 8 )
[2026-08-31 12:55:56.160] [parallelSortingLogger] [info] State after move execution: 
  █   █    
█   ███    
  ███████  
  ███████  
  ████▒███ 
██████▒███ 
  █████▒█  
  ██████▒  
  ███████  
           
    █     █

[2026-08-31 12:55:56.160] [parallelSortingLogger] [info] Best multi row and column move can fill 0 at a cost of inf per gap
[2026-08-31 12:55:56.160] [parallelSortingLogger] [info] Best single index move function found 2 moves
[2026-08-31 12:55:56.160] [parallelSortingLogger] [info] Best single index move can fill 1 at a cost of 169.708761628251 per gap
[2026-08-31 12:55:56.160] [parallelSortingLogger] [info] Executing move, rows: (4 5 10 )->(4 5 7 ), cols: (9 10 )->(6 8 )
[2026-08-31 12:55:56.160] [parallelSortingLogger] [info] State after move execution: 
  █   █    
█   ███    
  ███████  
  ███████  
  ███████  
█████████  
  █████▒█  
  ███████  
  ███████  
           
    █      

[2026-08-31 12:55:56.160] [parallelSortingLogger] [info] Best multi row and column move can fill 0 at a cost of inf per gap
[2026-08-31 12:55:56.161] [parallelSortingLogger] [info] Best single index move function found 1 moves
[2026-08-31 12:55:56.161] [parallelSortingLogger] [info] Best single index move can fill 1 at a cost of 194.199670720251 per gap
[2026-08-31 12:55:56.161] [parallelSortingLogger] [info] Executing move, rows: (1 )->(6 ), cols: (6 )->(7 )
[2026-08-31 12:55:56.161] [parallelSortingLogger] [info] State after move execution: 
  █   █    
█   ██     
  ███████  
  ███████  
  ███████  
█████████  
  ███████  
  ███████  
  ███████  
           
    █      

[2026-08-31 12:55:56.161] [parallelSortingLogger] [info] Total time taken by move function 0: 899466ns
[2026-08-31 12:55:56.161] [parallelSortingLogger] [info] Total time taken by move function 1: 7967ns
[2026-08-31 12:55:56.161] [parallelSortingLogger] [info] Total time taken by move function 2: 491801ns
[2026-08-31 12:55:56.161] [parallelSortingLogger] [info] Best multi row and column move can fill 9 at a cost of 22.48481189825011 per gap
[2026-08-31 12:55:56.161] [parallelSortingLogger] [info] Best single index move function found 3 moves
[2026-08-31 12:55:56.161] [parallelSortingLogger] [info] Best single index move can fill 4 at a cost of 40.38628131606274 per gap
[2026-08-31 12:55:56.161] [parallelSortingLogger] [info] Executing move, rows: (0 1 10 )->(2 6 8 ), cols: (4 6 7 )->(2 4 8 )
[2026-08-31 12:55:56.161] [parallelSortingLogger] [info] State after move execution: 
██   █  ██ 
 ██        
 ████▒████ 
 ██▒██▒▒███
  ▒██▒▒██ █
███▒▒▒█▒█ █
███▒██████ 
█ █▒█▒█▒█  
 ██████▒███
 █ █    ███
 █ █      █

[2026-08-31 12:55:56.161] [parallelSortingLogger] [info] Best multi row and column move can fill 6 at a cost of 28.2847936047085 per gap
[2026-08-31 12:55:56.161] [parallelSortingLogger] [info] Best single index move function found 2 moves
[2026-08-31 12:55:56.161] [parallelSortingLogger] [info] Best single index move can fill 4 at a cost of 42.42719040706275 per gap
[2026-08-31 12:55:56.161] [parallelSortingLogger] [info] Executing move, rows: (2 6 8 )->(3 5 7 ), cols: (1 9 )->(3 7 )
[2026-08-31 12:55:56.161] [parallelSortingLogger] [info] State after move execution: 
██   █  ██ 
 ██        
  ███▒███  
 █████▒████
  ▒██▒▒██ █
████▒▒███ █
█ █▒█████  
█ ███▒███  
  █████▒█ █
 █ █    ███
 █ █      █

[2026-08-31 12:55:56.161] [parallelSortingLogger] [info] Best multi row and column move can fill 0 at a cost of inf per gap
[2026-08-31 12:55:56.162] [parallelSortingLogger] [info] Best single index move function found 2 moves
[2026-08-31 12:55:56.162] [parallelSortingLogger] [info] Best single index move can fill 4 at a cost of 48.54991768006275 per gap
[2026-08-31 12:55:56.162] [parallelSortingLogger] [info] Executing move, rows: (3 4 5 8 )->(2 4 5 7 ), cols: (0 10 )->(4 5 )
[2026-08-31 12:55:56.162] [parallelSortingLogger] [info] State after move execution: 
██   █  ██ 
 ██        
  ███████  
 █████▒███ 
  ▒███▒██  
 ████████  
█ █▒█████  
█ ███████  
  █████▒█  
 █ █    ███
 █ █      █

[2026-08-31 12:55:56.162] [parallelSortingLogger] [info] Best multi row and column move can fill 0 at a cost of inf per gap
[2026-08-31 12:55:56.162] [parallelSortingLogger] [info] Best single index move function found 2 moves
[2026-08-31 12:55:56.162] [parallelSortingLogger] [info] Best single index move can fill 2 at a cost of 93.0180171781255 per gap
[2026-08-31 12:55:56.162] [parallelSortingLogger] [info] Executing move, rows: (0 )->(4 ), cols: (1 5 )->(2 6 )
[2026-08-31 12:55:56.162] [parallelSortingLogger] [info] State after move execution: 
█       ██ 
 ██        
  ███████  
 █████▒███ 
  ███████  
 ████████  
█ █▒█████  
█ ███████  
  █████▒█  
 █ █    ███
 █ █      █

[2026-08-31 12:55:56.162] [parallelSortingLogger] [info] Best multi row and column move can fill 0 at a cost of inf per gap
[2026-08-31 12:55:56.162] [parallelSortingLogger] [info] Best single index move function found 2 moves
[2026-08-31 12:55:56.162] [parallelSortingLogger] [info] Best single index move can fill 1 at a cost of 161.54512526425097 per gap
[2026-08-31 12:55:56.162] [parallelSortingLogger] [info] Executing move, rows: (1 9 )->(6 8 ), cols: (2 8 )->(3 7 )
[2026-08-31 12:55:56.162] [parallelSortingLogger] [info] Next best move skipped as it could not be confirmed
[2026-08-31 12:55:56.162] [parallelSortingLogger] [info] State after move execution: 
█       ██ 
 █         
  ███████  
 █████▒███ 
  ███████  
 ████████  
█ ███████  
█ ███████  
  ███████  
 █ █     ██
 █ █      █

[2026-08-31 12:55:56.162] [parallelSortingLogger] [info] Best multi row and column move can fill 0 at a cost of inf per gap
[2026-08-31 12:55:56.162] [parallelSortingLogger] [info] Best single index move function found 1 moves
[2026-08-31 12:55:56.162] [parallelSortingLogger] [info] Best single index move can fill 1 at a cost of 177.872397992251 per gap
[2026-08-31 12:55:56.162] [parallelSortingLogger] [info] Executing move, rows: (3 )->(3 ), cols: (9 )->(6 )
[2026-08-31 12:55:56.162] [parallelSortingLogger] [info] State after move execution: 
█       ██ 
 █         
  ███████  
 ████████  
  ███████  
 ████████  
█ ███████  
█ ███████  
  ███████  
 █ █     ██
 █ █      █

[2026-08-31 12:55:56.162] [parallelSortingLogger] [info] Total time taken by move function 0: 1028339ns
[2026-08-31 12:55:56.162] [parallelSortingLogger] [info] Total time taken by move function 1: 7553ns
[2026-08-31 12:55:56.162] [parallelSortingLogger] [info] Total time taken by move function 2: 540324ns
[2026-08-31 12:55:56.162] [parallelSortingLogger] [info] Best multi row and column move can fill 9 at a cost of 20.67067048402789 per gap
[2026-08-31 12:55:56.163] [parallelSortingLogger] [info] Best single index move function found 1 moves
[2026-08-31 12:55:56.163] [parallelSortingLogger] [info] Best single index move can fill 5 at a cost of 32.309025052850195 per gap
[2026-08-31 12:55:56.163] [parallelSortingLogger] [info] Executing move, rows: (4 5 6 8 )->(2 5 6 8 ), cols: (1 9 10 )->(2 6 8 )
[2026-08-31 12:55:56.163] [parallelSortingLogger] [info] State after move execution: 
 ██  ██   █
 █████     
█ ██▒██▒██ 
 █████▒██  
  ██▒▒███  
█ █▒███▒█  
█ ██▒████  
 █▒██▒██▒██
█ █▒█████  
 ██ █ ██ ██
██ █    █  

[2026-08-31 12:55:56.163] [parallelSortingLogger] [info] Best multi row and column move can fill 0 at a cost of inf per gap
[2026-08-31 12:55:56.163] [parallelSortingLogger] [info] Best single index move function found 1 moves
[2026-08-31 12:55:56.163] [parallelSortingLogger] [info] Best single index move can fill 3 at a cost of 56.569587209417 per gap
[2026-08-31 12:55:56.163] [parallelSortingLogger] [info] Executing move, rows: (9 )->(7 ), cols: (1 4 7 )->(2 5 8 )
[2026-08-31 12:55:56.163] [parallelSortingLogger] [info] State after move execution: 
 ██  ██   █
 █████     
█ ██▒██▒██ 
 █████▒██  
  ██▒▒███  
█ █▒███▒█  
█ ██▒████  
 ██████████
█ █▒█████  
  █   █  ██
██ █    █  

[2026-08-31 12:55:56.163] [parallelSortingLogger] [info] Best multi row and column move can fill 0 at a cost of inf per gap
[2026-08-31 12:55:56.163] [parallelSortingLogger] [info] Best single index move function found 1 moves
[2026-08-31 12:55:56.163] [parallelSortingLogger] [info] Best single index move can fill 3 at a cost of 59.29079933075033 per gap
[2026-08-31 12:55:56.163] [parallelSortingLogger] [info] Executing move, rows: (1 3 5 7 )->(2 4 5 6 ), cols: (0 1 )->(3 4 )
[2026-08-31 12:55:56.163] [parallelSortingLogger] [info] State after move execution: 
 ██  ██   █
  ████     
█ █████▒██ 
  ████▒██  
  ███▒███  
  █████▒█  
█ ███████  
  █████████
█ █▒█████  
  █   █  ██
██ █    █  

[2026-08-31 12:55:56.163] [parallelSortingLogger] [info] Best multi row and column move can fill 0 at a cost of inf per gap
[2026-08-31 12:55:56.163] [parallelSortingLogger] [info] Best single index move function found 2 moves
[2026-08-31 12:55:56.163] [parallelSortingLogger] [info] Best single index move can fill 2 at a cost of 105.2634717241255 per gap
[2026-08-31 12:55:56.163] [parallelSortingLogger] [info] Executing move, rows: (2 6 )->(2 5 ), cols: (0 )->(7 )
[2026-08-31 12:55:56.163] [parallelSortingLogger] [info] State after move execution: 
 ██  ██   █
  ████     
  ████████ 
  ████▒██  
  ███▒███  
  ███████  
  ███████  
  █████████
█ █▒█████  
  █   █  ██
██ █    █  

[2026-08-31 12:55:56.163] [parallelSortingLogger] [info] Best multi row and column move can fill 0 at a cost of inf per gap
[2026-08-31 12:55:56.164] [parallelSortingLogger] [info] Best single index move function found 2 moves
[2026-08-31 12:55:56.164] [parallelSortingLogger] [info] Best single index move can fill 1 at a cost of 161.54512526425097 per gap
[2026-08-31 12:55:56.164] [parallelSortingLogger] [info] Executing move, rows: (9 )->(8 ), cols: (2 )->(3 )
[2026-08-31 12:55:56.164] [parallelSortingLogger] [info] Next best move skipped as it could not be confirmed
[2026-08-31 12:55:56.164] [parallelSortingLogger] [info] State after move execution: 
 ██  ██   █
  ████     
  ████████ 
  ████▒██  
  ███▒███  
  ███████  
  ███████  
  █████████
█ ███████  
      █  ██
██ █    █  

[2026-08-31 12:55:56.164] [parallelSortingLogger] [info] Best multi row and column move can fill 0 at a cost of inf per gap
[2026-08-31 12:55:56.164] [parallelSortingLogger] [info] Best single index move function found 1 moves
[2026-08-31 12:55:56.164] [parallelSortingLogger] [info] Best single index move can fill 1 at a cost of 169.708761628251 per gap
[2026-08-31 12:55:56.164] [parallelSortingLogger] [info] Executing move, rows: (1 10 )->(3 4 ), cols: (1 5 )->(5 6 )
[2026-08-31 12:55:56.164] [parallelSortingLogger] [info] State after move execution: 
 ██  ██   █
  ███      
  ████████ 
  ███████  
  ███████  
  ███████  
  ███████  
  █████████
█ ███████  
      █  ██
█  █    █  

[2026-08-31 12:55:56.164] [parallelSortingLogger] [info] Total time taken by move function 0: 882591ns
[2026-08-31 12:55:56.164] [parallelSortingLogger] [info] Total time taken by move function 1: 7480ns
[2026-08-31 12:55:56.164] [parallelSortingLogger] [info] Total time taken by move function 2: 407964ns
[2026-08-31 12:55:56.164] [parallelSortingLogger] [info] Best multi row and column move can fill 6 at a cost of 31.006005726041835 per gap
[2026-08-31 12:55:56.164] [parallelSortingLogger] [info] Best single index move function found 1 moves
[2026-08-31 12:55:56.164] [parallelSortingLogger] [info] Best single index move can fill 5 at a cost of 33.9417523256502 per gap
[2026-08-31 12:55:56.164] [parallelSortingLogger] [info] Executing move, rows: (0 1 )->(3 4 ), cols: (2 6 7 8 )->(3 4 7 8 )
[2026-08-31 12:55:56.164] [parallelSortingLogger] [info] State after move execution: 
██  █     █
█    █   ██
 ████▒██▒█ 
██████▒████
█ ███▒███ █
█ ▒██▒▒███ 
█ ██████▒█ 
 █▒██▒▒▒█  
█ ███▒▒▒██ 
███   █ ██ 
████  █ ███

[2026-08-31 12:55:56.164] [parallelSortingLogger] [info] Best multi row and column move can fill 6 at a cost of 32.366611786708496 per gap
[2026-08-31 12:55:56.164] [parallelSortingLogger] [info] Best single index move function found 1 moves
[2026-08-31 12:55:56.164] [parallelSortingLogger] [info] Best single index move can fill 5 at a cost of 37.2072068712502 per gap
[2026-08-31 12:55:56.164] [parallelSortingLogger] [info] Executing move, rows: (2 5 6 8 )->(3 5 7 8 ), cols: (0 9 )->(5 6 )
[2026-08-31 12:55:56.164] [parallelSortingLogger] [info] State after move execution: 
██  █     █
█    █   ██
 ████▒██▒  
███████████
█ ███▒███ █
  ▒██████  
  ██████▒  
 █▒████▒█  
  █████▒█  
███   █ ██ 
████  █ ███

[2026-08-31 12:55:56.164] [parallelSortingLogger] [info] Best multi row and column move can fill 0 at a cost of inf per gap
[2026-08-31 12:55:56.165] [parallelSortingLogger] [info] Best single index move function found 1 moves
[2026-08-31 12:55:56.165] [parallelSortingLogger] [info] Best single index move can fill 2 at a cost of 80.77256263212549 per gap
[2026-08-31 12:55:56.165] [parallelSortingLogger] [info] Executing move, rows: (1 9 )->(2 6 ), cols: (5 9 )->(5 8 )
[2026-08-31 12:55:56.165] [parallelSortingLogger] [info] State after move execution: 
██  █     █
█         █
 ████████  
███████████
█ ███▒███ █
  ▒██████  
  ███████  
 █▒████▒█  
  █████▒█  
███   █ █  
████  █ ███

[2026-08-31 12:55:56.165] [parallelSortingLogger] [info] Best multi row and column move can fill 0 at a cost of inf per gap
[2026-08-31 12:55:56.165] [parallelSortingLogger] [info] Best single index move function found 2 moves
[2026-08-31 12:55:56.165] [parallelSortingLogger] [info] Best single index move can fill 2 at a cost of 84.8543808141255 per gap
[2026-08-31 12:55:56.165] [parallelSortingLogger] [info] Executing move, rows: (0 10 )->(5 7 ), cols: (1 6 )->(2 7 )
[2026-08-31 12:55:56.165] [parallelSortingLogger] [info] Next best move skipped as it could not be confirmed
[2026-08-31 12:55:56.165] [parallelSortingLogger] [info] State after move execution: 
█   █     █
█         █
 ████████  
███████████
█ ███▒███ █
  ███████  
  ███████  
 ████████  
  █████▒█  
███   █ █  
█ ██    ███

[2026-08-31 12:55:56.165] [parallelSortingLogger] [info] Best multi row and column move can fill 0 at a cost of inf per gap
[2026-08-31 12:55:56.165] [parallelSortingLogger] [info] Best single index move function found 3 moves
[2026-08-31 12:55:56.165] [parallelSortingLogger] [info] Best single index move can fill 1 at a cost of 161.54512526425097 per gap
[2026-08-31 12:55:56.165] [parallelSortingLogger] [info] Executing move, rows: (0 9 )->(4 8 ), cols: (4 8 )->(5 7 )
[2026-08-31 12:55:56.165] [parallelSortingLogger] [info] Next best move skipped as it could not be confirmed
[2026-08-31 12:55:56.165] [parallelSortingLogger] [info] Next best move skipped as it could not be confirmed
[2026-08-31 12:55:56.165] [parallelSortingLogger] [info] State after move execution: 
█         █
█         █
 ████████  
███████████
█ ███████ █
  ███████  
  ███████  
 ████████  
  ███████  
███   █    
█ ██    ███

[2026-08-31 12:55:56.165] [parallelSortingLogger] [info] Total time taken by move function 0: 756447ns
[2026-08-31 12:55:56.165] [parallelSortingLogger] [info] Total time taken by move function 1: 6365ns
[2026-08-31 12:55:56.165] [parallelSortingLogger] [info] Total time taken by move function 2: 413583ns
[2026-08-31 12:55:56.165] [parallelSortingLogger] [info] Best multi row and column move can fill 6 at a cost of 31.006005726041835 per gap
[2026-08-31 12:55:56.165] [parallelSortingLogger] [info] Best single index move function found 1 moves
[2026-08-31 12:55:56.165] [parallelSortingLogger] [info] Best single index move can fill 6 at a cost of 28.2847936047085 per gap
[2026-08-31 12:55:56.165] [parallelSortingLogger] [info] Executing move, rows: (2 4 5 6 7 8 )->(2 3 4 5 7 8 ), cols: (0 10 )->(2 8 )
[2026-08-31 12:55:56.165] [parallelSortingLogger] [info] State after move execution: 
██      █ █
 ████ █ ██ 
  ███▒▒███ 
█ █▒▒██▒█  
  █▒███▒█  
  ▒▒█▒████ 
  ██▒▒█▒█  
 ████▒███  
  ██▒██▒██ 
 █         
█  ██  █ █ 

[2026-08-31 12:55:56.165] [parallelSortingLogger] [info] Best multi row and column move can fill 4 at a cost of 46.50900858906275 per gap
[2026-08-31 12:55:56.166] [parallelSortingLogger] [info] Best single index move function found 2 moves
[2026-08-31 12:55:56.166] [parallelSortingLogger] [info] Best single index move can fill 3 at a cost of 56.569587209417 per gap
[2026-08-31 12:55:56.166] [parallelSortingLogger] [info] Executing move, rows: (1 10 )->(3 8 ), cols: (1 3 4 )->(3 4 7 )
[2026-08-31 12:55:56.166] [parallelSortingLogger] [info] State after move execution: 
██      █ █
  █   █ ██ 
  ███▒▒███ 
█ ███████  
  █▒███▒█  
  ▒▒█▒████ 
  ██▒▒█▒█  
 ████▒███  
  ████████ 
 █         
█      █ █ 

[2026-08-31 12:55:56.166] [parallelSortingLogger] [info] Best multi row and column move can fill 0 at a cost of inf per gap
[2026-08-31 12:55:56.166] [parallelSortingLogger] [info] Best single index move function found 1 moves
[2026-08-31 12:55:56.166] [parallelSortingLogger] [info] Best single index move can fill 3 at a cost of 62.01201145208367 per gap
[2026-08-31 12:55:56.166] [parallelSortingLogger] [info] Executing move, rows: (1 3 5 7 8 )->(2 4 5 6 7 ), cols: (0 1 9 )->(3 4 5 )
[2026-08-31 12:55:56.166] [parallelSortingLogger] [info] State after move execution: 
██      █ █
  █   █ █  
  ████▒███ 
  ███████  
  █████▒█  
  ▒▒█████  
  ███▒█▒█  
  ███████  
  ███████  
 █         
█      █ █ 

[2026-08-31 12:55:56.166] [parallelSortingLogger] [info] Best multi row and column move can fill 0 at a cost of inf per gap
[2026-08-31 12:55:56.166] [parallelSortingLogger] [info] Best single index move function found 1 moves
[2026-08-31 12:55:56.166] [parallelSortingLogger] [info] Best single index move can fill 2 at a cost of 97.0998353601255 per gap
[2026-08-31 12:55:56.166] [parallelSortingLogger] [info] Executing move, rows: (0 1 )->(4 6 ), cols: (6 8 )->(5 7 )
[2026-08-31 12:55:56.166] [parallelSortingLogger] [info] State after move execution: 
██        █
  █        
  ████▒███ 
  ███████  
  ███████  
  ▒▒█████  
  ███████  
  ███████  
  ███████  
 █         
█      █ █ 

[2026-08-31 12:55:56.166] [parallelSortingLogger] [info] Best multi row and column move can fill 0 at a cost of inf per gap
[2026-08-31 12:55:56.166] [parallelSortingLogger] [info] Best single index move function found 1 moves
[2026-08-31 12:55:56.166] [parallelSortingLogger] [info] Best single index move can fill 1 at a cost of 177.872397992251 per gap
[2026-08-31 12:55:56.166] [parallelSortingLogger] [info] Executing move, rows: (2 9 )->(2 5 ), cols: (1 9 )->(2 6 )
[2026-08-31 12:55:56.166] [parallelSortingLogger] [info] State after move execution: 
██        █
  █        
  ███████  
  ███████  
  ███████  
  █▒█████  
  ███████  
  ███████  
  ███████  
           
█      █ █ 

[2026-08-31 12:55:56.166] [parallelSortingLogger] [info] Best multi row and column move can fill 0 at a cost of inf per gap
[2026-08-31 12:55:56.166] [parallelSortingLogger] [info] Best single index move function found 1 moves
[2026-08-31 12:55:56.166] [parallelSortingLogger] [info] Best single index move can fill 1 at a cost of 186.036034356251 per gap
[2026-08-31 12:55:56.167] [parallelSortingLogger] [info] Executing move, rows: (1 )->(5 ), cols: (2 )->(3 )
[2026-08-31 12:55:56.167] [parallelSortingLogger] [info] State after move execution: 
██        █
           
  ███████  
  ███████  
  ███████  
  ███████  
  ███████  
  ███████  
  ███████  
           
█      █ █ 

[2026-08-31 12:55:56.167] [parallelSortingLogger] [info] Total time taken by move function 0: 876297ns
[2026-08-31 12:55:56.167] [parallelSortingLogger] [info] Total time taken by move function 1: 7469ns
[2026-08-31 12:55:56.167] [parallelSortingLogger] [info] Total time taken by move function 2: 443311ns
[2026-08-31 12:55:56.168] [parallelSortingLogger] [info] Best multi row and column move can fill 4 at a cost of 48.549917680062755 per gap
[2026-08-31 12:55:56.168] [parallelSortingLogger] [info] Best single index move function found 1 moves
[2026-08-31 12:55:56.168] [parallelSortingLogger] [info] Best single index move can fill 4 at a cost of 40.38628131606274 per gap
[2026-08-31 12:55:56.168] [parallelSortingLogger] [info] Executing move, rows: (1 10 )->(2 5 ), cols: (3 4 5 9 )->(4 5 6 8 )
[2026-08-31 12:55:56.168] [parallelSortingLogger] [info] State after move execution: 
██ █  ██ █ 
 ██        
█████████ █
 ██▒█▒█▒█ █
█ █▒█▒▒███ 
  ████████ 
█ ▒▒████▒ █
█ █▒▒████ █
  █▒██▒██  
   ██  ██  
          █

[2026-08-31 12:55:56.168] [parallelSortingLogger] [info] Best multi row and column move can fill 4 at a cost of 46.50900858906275 per gap
[2026-08-31 12:55:56.168] [parallelSortingLogger] [info] Best single index move function found 2 moves
[2026-08-31 12:55:56.168] [parallelSortingLogger] [info] Best single index move can fill 4 at a cost of 44.46809949806275 per gap
[2026-08-31 12:55:56.168] [parallelSortingLogger] [info] Executing move, rows: (0 1 9 )->(4 6 8 ), cols: (2 3 6 7 )->(2 3 5 6 )
[2026-08-31 12:55:56.168] [parallelSortingLogger] [info] State after move execution: 
██       █ 
 █         
█████████ █
 ██▒█▒█▒█ █
█ ████████ 
  ████████ 
█ █▒████▒ █
█ █▒▒████ █
  ███████  
    █   █  
          █

[2026-08-31 12:55:56.168] [parallelSortingLogger] [info] Best multi row and column move can fill 0 at a cost of inf per gap
[2026-08-31 12:55:56.168] [parallelSortingLogger] [info] Best single index move function found 1 moves
[2026-08-31 12:55:56.168] [parallelSortingLogger] [info] Best single index move can fill 3 at a cost of 59.29079933075033 per gap
[2026-08-31 12:55:56.168] [parallelSortingLogger] [info] Executing move, rows: (2 6 7 )->(3 6 7 ), cols: (0 1 )->(3 5 )
[2026-08-31 12:55:56.168] [parallelSortingLogger] [info] State after move execution: 
██       █ 
 █         
  ███████ █
 ██████▒█ █
█ ████████ 
  ████████ 
  ██████▒ █
  ██▒████ █
  ███████  
    █   █  
          █

[2026-08-31 12:55:56.169] [parallelSortingLogger] [info] Best multi row and column move can fill 0 at a cost of inf per gap
[2026-08-31 12:55:56.169] [parallelSortingLogger] [info] Best single index move function found 2 moves
[2026-08-31 12:55:56.169] [parallelSortingLogger] [info] Best single index move can fill 1 at a cost of 161.54512526425097 per gap
[2026-08-31 12:55:56.169] [parallelSortingLogger] [info] Executing move, rows: (3 5 )->(3 6 ), cols: (1 9 )->(7 8 )
[2026-08-31 12:55:56.169] [parallelSortingLogger] [info] Next best move skipped as it could not be confirmed
[2026-08-31 12:55:56.169] [parallelSortingLogger] [info] State after move execution: 
██       █ 
 █         
  ███████ █
  ███████ █
█ ████████ 
  ███████  
  ███████ █
  ██▒████ █
  ███████  
    █   █  
          █

[2026-08-31 12:55:56.169] [parallelSortingLogger] [info] Best multi row and column move can fill 0 at a cost of inf per gap
[2026-08-31 12:55:56.169] [parallelSortingLogger] [info] Best single index move function found 1 moves
[2026-08-31 12:55:56.169] [parallelSortingLogger] [info] Best single index move can fill 1 at a cost of 166.32727272800003 per gap
[2026-08-31 12:55:56.169] [parallelSortingLogger] [info] Executing move, rows: (9 )->(7 ), cols: (4 )->(4 )
[2026-08-31 12:55:56.169] [parallelSortingLogger] [info] State after move execution: 
██       █ 
 █         
  ███████ █
  ███████ █
█ ████████ 
  ███████  
  ███████ █
  ███████ █
  ███████  
        █  
          █

[2026-08-31 12:55:56.169] [parallelSortingLogger] [info] Total time taken by move function 0: 1810403ns
[2026-08-31 12:55:56.169] [parallelSortingLogger] [info] Total time taken by move function 1: 8174ns
[2026-08-31 12:55:56.169] [parallelSortingLogger] [info] Total time taken by move function 2: 400891ns
[2026-08-31 12:55:56.169] [parallelSortingLogger] [info] Best multi row and column move can fill 10 at a cost of 19.419967072025102 per gap
[2026-08-31 12:55:56.169] [parallelSortingLogger] [info] Best single index move function found 1 moves
[2026-08-31 12:55:56.169] [parallelSortingLogger] [info] Best single index move can fill 6 at a cost of 28.2847936047085 per gap
[2026-08-31 12:55:56.169] [parallelSortingLogger] [info] Executing move, rows: (0 9 )->(2 7 ), cols: (1 2 3 5 6 7 )->(2 3 4 5 6 7 )
[2026-08-31 12:55:56.169] [parallelSortingLogger] [info] State after move execution: 
        ███
   █ ███   
  ████████ 
███████▒███
████▒█▒█▒██
  ▒▒██▒██ █
 █▒██▒██▒  
█████▒████ 
 █▒████▒▒██
█         █
██   ██ ███

[2026-08-31 12:55:56.169] [parallelSortingLogger] [info] Best multi row and column move can fill 4 at a cost of 54.67264495306275 per gap
[2026-08-31 12:55:56.173] [parallelSortingLogger] [info] Best single index move function found 2 moves
[2026-08-31 12:55:56.173] [parallelSortingLogger] [info] Best single index move can fill 3 at a cost of 53.84837508808366 per gap
[2026-08-31 12:55:56.173] [parallelSortingLogger] [info] Executing move, rows: (2 4 8 )->(5 6 8 ), cols: (9 10 )->(2 8 )
[2026-08-31 12:55:56.173] [parallelSortingLogger] [info] State after move execution: 
        ███
   █ ███   
  ███████  
███████▒███
████▒█▒█▒  
  █▒██▒██ █
 ████▒███  
█████▒████ 
 ██████▒█  
█         █
██   ██ ███

[2026-08-31 12:55:56.173] [parallelSortingLogger] [info] Best multi row and column move can fill 0 at a cost of inf per gap
[2026-08-31 12:55:56.173] [parallelSortingLogger] [info] Best single index move function found 1 moves
[2026-08-31 12:55:56.173] [parallelSortingLogger] [info] Best single index move can fill 3 at a cost of 59.29079933075033 per gap
[2026-08-31 12:55:56.173] [parallelSortingLogger] [info] Executing move, rows: (1 10 )->(4 5 ), cols: (3 5 7 )->(4 6 8 )
[2026-08-31 12:55:56.173] [parallelSortingLogger] [info] State after move execution: 
        ███
      █    
  ███████  
███████▒███
█████████  
  █▒█████ █
 ████▒███  
█████▒████ 
 ██████▒█  
█         █
██    █ ███

[2026-08-31 12:55:56.174] [parallelSortingLogger] [info] Best multi row and column move can fill 0 at a cost of inf per gap
[2026-08-31 12:55:56.174] [parallelSortingLogger] [info] Best single index move function found 3 moves
[2026-08-31 12:55:56.174] [parallelSortingLogger] [info] Best single index move can fill 2 at a cost of 105.2634717241255 per gap
[2026-08-31 12:55:56.174] [parallelSortingLogger] [info] Executing move, rows: (3 7 )->(3 8 ), cols: (9 )->(7 )
[2026-08-31 12:55:56.174] [parallelSortingLogger] [info] State after move execution: 
        ███
      █    
  ███████  
█████████ █
█████████  
  █▒█████ █
 ████▒███  
█████▒███  
 ████████  
█         █
██    █ ███

[2026-08-31 12:55:56.174] [parallelSortingLogger] [info] Best multi row and column move can fill 0 at a cost of inf per gap
[2026-08-31 12:55:56.174] [parallelSortingLogger] [info] Best single index move function found 2 moves
[2026-08-31 12:55:56.174] [parallelSortingLogger] [info] Best single index move can fill 1 at a cost of 169.708761628251 per gap
[2026-08-31 12:55:56.174] [parallelSortingLogger] [info] Executing move, rows: (6 7 )->(6 7 ), cols: (1 )->(5 )
[2026-08-31 12:55:56.174] [parallelSortingLogger] [info] State after move execution: 
        ███
      █    
  ███████  
█████████ █
█████████  
  █▒█████ █
  ███████  
█ ███████  
 ████████  
█         █
██    █ ███

[2026-08-31 12:55:56.174] [parallelSortingLogger] [info] Best multi row and column move can fill 0 at a cost of inf per gap
[2026-08-31 12:55:56.174] [parallelSortingLogger] [info] Best single index move function found 1 moves
[2026-08-31 12:55:56.174] [parallelSortingLogger] [info] Best single index move can fill 1 at a cost of 169.708761628251 per gap
[2026-08-31 12:55:56.174] [parallelSortingLogger] [info] Executing move, rows: (4 )->(5 ), cols: (1 )->(3 )
[2026-08-31 12:55:56.174] [parallelSortingLogger] [info] State after move execution: 
        ███
      █    
  ███████  
█████████ █
█ ███████  
  ███████ █
  ███████  
█ ███████  
 ████████  
█         █
██    █ ███

[2026-08-31 12:55:56.174] [parallelSortingLogger] [info] Total time taken by move function 0: 982033ns
[2026-08-31 12:55:56.174] [parallelSortingLogger] [info] Total time taken by move function 1: 8988ns
[2026-08-31 12:55:56.174] [parallelSortingLogger] [info] Total time taken by move function 2: 4147562ns
[2026-08-31 12:55:56.175] [parallelSortingLogger] [info] Best multi row and column move can fill 6 at a cost of 31.006005726041835 per gap
[2026-08-31 12:55:56.175] [parallelSortingLogger] [info] Best single index move function found 1 moves
[2026-08-31 12:55:56.175] [parallelSortingLogger] [info] Best single index move can fill 5 at a cost of 33.9417523256502 per gap
[2026-08-31 12:55:56.175] [parallelSortingLogger] [info] Executing move, rows: (0 1 3 9 )->(3 5 6 8 ), cols: (0 5 6 7 )->(3 6 7 8 )
[2026-08-31 12:55:56.175] [parallelSortingLogger] [info] State after move execution: 
 ██ █    ██
 █ ██     █
 █▒▒▒██████
 ██▒█▒█▒█  
  █▒█▒█▒▒ █
 ██▒▒████  
█ ████▒█▒██
 ██▒█▒████ 
█ ▒██▒█████
 ██       █
 █ ██ █ █ █

[2026-08-31 12:55:56.175] [parallelSortingLogger] [info] Best multi row and column move can fill 6 at a cost of 31.006005726041835 per gap
[2026-08-31 12:55:56.175] [parallelSortingLogger] [info] Best single index move function found 1 moves
[2026-08-31 12:55:56.175] [parallelSortingLogger] [info] Best single index move can fill 5 at a cost of 33.9417523256502 per gap
[2026-08-31 12:55:56.175] [parallelSortingLogger] [info] Executing move, rows: (1 2 3 5 7 )->(2 3 4 5 7 ), cols: (1 9 )->(3 5 )
[2026-08-31 12:55:56.175] [parallelSortingLogger] [info] Next best move skipped as it could not be confirmed
[2026-08-31 12:55:56.175] [parallelSortingLogger] [info] State after move execution: 
 ██ █    ██
   ██     █
  ▒█▒████ █
  █████▒█  
  ███▒█▒▒ █
  ██▒████  
█ ████▒█▒██
  ███████  
█ ▒██▒█████
 ██       █
 █ ██ █ █ █

[2026-08-31 12:55:56.177] [parallelSortingLogger] [info] Best multi row and column move can fill 0 at a cost of inf per gap
[2026-08-31 12:55:56.177] [parallelSortingLogger] [info] Best single index move function found 1 moves
[2026-08-31 12:55:56.177] [parallelSortingLogger] [info] Best single index move can fill 3 at a cost of 67.45443569475033 per gap
[2026-08-31 12:55:56.177] [parallelSortingLogger] [info] Executing move, rows: (9 10 )->(2 4 ), cols: (2 4 6 8 )->(2 5 7 8 )
[2026-08-31 12:55:56.177] [parallelSortingLogger] [info] State after move execution: 
 ██ █    ██
   ██     █
  ██▒████ █
  █████▒█  
  ███████ █
  ██▒████  
█ ████▒█▒██
  ███████  
█ ▒██▒█████
 █        █
 █ █      █

[2026-08-31 12:55:56.177] [parallelSortingLogger] [info] Best multi row and column move can fill 0 at a cost of inf per gap
[2026-08-31 12:55:56.177] [parallelSortingLogger] [info] Best single index move function found 1 moves
[2026-08-31 12:55:56.177] [parallelSortingLogger] [info] Best single index move can fill 2 at a cost of 101.1816535421255 per gap
[2026-08-31 12:55:56.177] [parallelSortingLogger] [info] Executing move, rows: (1 4 )->(2 5 ), cols: (10 )->(4 )
[2026-08-31 12:55:56.177] [parallelSortingLogger] [info] State after move execution: 
 ██ █    ██
   ██      
  ███████ █
  █████▒█  
  ███████  
  ███████  
█ ████▒█▒██
  ███████  
█ ▒██▒█████
 █        █
 █ █      █

[2026-08-31 12:55:56.177] [parallelSortingLogger] [info] Best multi row and column move can fill 0 at a cost of inf per gap
[2026-08-31 12:55:56.177] [parallelSortingLogger] [info] Best single index move function found 1 moves
[2026-08-31 12:55:56.177] [parallelSortingLogger] [info] Best single index move can fill 2 at a cost of 105.2634717241255 per gap
[2026-08-31 12:55:56.177] [parallelSortingLogger] [info] Executing move, rows: (1 )->(8 ), cols: (3 4 )->(2 5 )
[2026-08-31 12:55:56.177] [parallelSortingLogger] [info] State after move execution: 
 ██ █    ██
           
  ███████ █
  █████▒█  
  ███████  
  ███████  
█ ████▒█▒██
  ███████  
█ █████████
 █        █
 █ █      █

[2026-08-31 12:55:56.177] [parallelSortingLogger] [info] Best multi row and column move can fill 0 at a cost of inf per gap
[2026-08-31 12:55:56.177] [parallelSortingLogger] [info] Best single index move function found 1 moves
[2026-08-31 12:55:56.177] [parallelSortingLogger] [info] Best single index move can fill 1 at a cost of 158.163636364 per gap
[2026-08-31 12:55:56.177] [parallelSortingLogger] [info] Executing move, rows: (6 )->(6 ), cols: (0 9 )->(6 8 )
[2026-08-31 12:55:56.177] [parallelSortingLogger] [info] State after move execution: 
 ██ █    ██
           
  ███████ █
  █████▒█  
  ███████  
  ███████  
  ███████ █
  ███████  
█ █████████
 █        █
 █ █      █

[2026-08-31 12:55:56.178] [parallelSortingLogger] [info] Best multi row and column move can fill 0 at a cost of inf per gap
[2026-08-31 12:55:56.178] [parallelSortingLogger] [info] Best single index move function found 1 moves
[2026-08-31 12:55:56.178] [parallelSortingLogger] [info] Best single index move can fill 1 at a cost of 177.872397992251 per gap
[2026-08-31 12:55:56.178] [parallelSortingLogger] [info] Executing move, rows: (2 )->(3 ), cols: (10 )->(7 )
[2026-08-31 12:55:56.178] [parallelSortingLogger] [info] State after move execution: 
 ██ █    ██
           
  ███████  
  ███████  
  ███████  
  ███████  
  ███████ █
  ███████  
█ █████████
 █        █
 █ █      █

[2026-08-31 12:55:56.178] [parallelSortingLogger] [info] Total time taken by move function 0: 2682939ns
[2026-08-31 12:55:56.178] [parallelSortingLogger] [info] Total time taken by move function 1: 10121ns
[2026-08-31 12:55:56.178] [parallelSortingLogger] [info] Total time taken by move function 2: 478133ns
[2026-08-31 12:55:56.178] [parallelSortingLogger] [info] Best multi row and column move can fill 10 at a cost of 20.2363307084251 per gap
[2026-08-31 12:55:56.178] [parallelSortingLogger] [info] Best single index move function found 1 moves
[2026-08-31 12:55:56.178] [parallelSortingLogger] [info] Best single index move can fill 6 at a cost of 33.727217847375165 per gap
[2026-08-31 12:55:56.178] [parallelSortingLogger] [info] Executing move, rows: (0 2 5 7 8 10 )->(3 4 5 6 7 8 ), cols: (1 10 )->(4 6 )
[2026-08-31 12:55:56.178] [parallelSortingLogger] [info] State after move execution: 
  ███  ███ 
██   █  ██ 
  █▒█▒█▒██ 
  █████▒██ 
█ █████▒█  
  ███████  
  ▒██▒█▒▒ █
  ████████ 
█ ███▒███  
 █ █ ███   
█ █  █  █  

[2026-08-31 12:55:56.178] [parallelSortingLogger] [info] Best multi row and column move can fill 0 at a cost of inf per gap
[2026-08-31 12:55:56.178] [parallelSortingLogger] [info] Best single index move function found 1 moves
[2026-08-31 12:55:56.178] [parallelSortingLogger] [info] Best single index move can fill 4 at a cost of 42.42719040706275 per gap
[2026-08-31 12:55:56.178] [parallelSortingLogger] [info] Executing move, rows: (1 2 3 7 )->(2 3 4 6 ), cols: (1 9 )->(3 7 )
[2026-08-31 12:55:56.178] [parallelSortingLogger] [info] State after move execution: 
  ███  ███ 
█    █  █  
  ███▒███  
  ███████  
█ ███████  
  ███████  
  ▒██▒██▒ █
  ███████  
█ ███▒███  
 █ █ ███   
█ █  █  █  

[2026-08-31 12:55:56.178] [parallelSortingLogger] [info] Best multi row and column move can fill 0 at a cost of inf per gap
[2026-08-31 12:55:56.178] [parallelSortingLogger] [info] Best single index move function found 1 moves
[2026-08-31 12:55:56.178] [parallelSortingLogger] [info] Best single index move can fill 3 at a cost of 59.29079933075033 per gap
[2026-08-31 12:55:56.178] [parallelSortingLogger] [info] Executing move, rows: (1 9 )->(2 6 ), cols: (1 5 7 )->(2 5 8 )
[2026-08-31 12:55:56.178] [parallelSortingLogger] [info] State after move execution: 
  ███  ███ 
█       █  
  ███████  
  ███████  
█ ███████  
  ███████  
  ███████ █
  ███████  
█ ███▒███  
   █  █    
█ █  █  █  

[2026-08-31 12:55:56.179] [parallelSortingLogger] [info] Best multi row and column move can fill 0 at a cost of inf per gap
[2026-08-31 12:55:56.179] [parallelSortingLogger] [info] Best single index move function found 2 moves
[2026-08-31 12:55:56.179] [parallelSortingLogger] [info] Best single index move can fill 1 at a cost of 161.54512526425097 per gap
[2026-08-31 12:55:56.179] [parallelSortingLogger] [info] Executing move, rows: (9 )->(8 ), cols: (6 )->(5 )
[2026-08-31 12:55:56.179] [parallelSortingLogger] [info] Next best move skipped as it could not be confirmed
[2026-08-31 12:55:56.179] [parallelSortingLogger] [info] State after move execution: 
  ███  ███ 
█       █  
  ███████  
  ███████  
█ ███████  
  ███████  
  ███████ █
  ███████  
█ ███████  
   █       
█ █  █  █  

[2026-08-31 12:55:56.179] [parallelSortingLogger] [info] Total time taken by move function 0: 656124ns
[2026-08-31 12:55:56.179] [parallelSortingLogger] [info] Total time taken by move function 1: 5743ns
[2026-08-31 12:55:56.179] [parallelSortingLogger] [info] Total time taken by move function 2: 259642ns
[2026-08-31 12:55:56.179] [parallelSortingLogger] [info] Best multi row and column move can fill 10 at a cost of 17.7872397992251 per gap
[2026-08-31 12:55:56.179] [parallelSortingLogger] [info] Best single index move function found 1 moves
[2026-08-31 12:55:56.179] [parallelSortingLogger] [info] Best single index move can fill 5 at a cost of 32.309025052850195 per gap
[2026-08-31 12:55:56.179] [parallelSortingLogger] [info] Executing move, rows: (1 3 10 )->(3 5 8 ), cols: (3 4 7 8 10 )->(3 4 5 7 8 )
[2026-08-31 12:55:56.179] [parallelSortingLogger] [info] State after move execution: 
█ ██ ██ █  
█ █  █     
█ ▒██▒▒███ 
 ████████  
███▒███▒█ █
█████▒▒▒██ 
  █▒██▒▒█  
  █▒▒██▒▒  
  ████████ 
██  █████  
█        █ 

[2026-08-31 12:55:56.179] [parallelSortingLogger] [info] Best multi row and column move can fill 0 at a cost of inf per gap
[2026-08-31 12:55:56.179] [parallelSortingLogger] [info] Best single index move function found 1 moves
[2026-08-31 12:55:56.179] [parallelSortingLogger] [info] Best single index move can fill 4 at a cost of 42.42719040706275 per gap
[2026-08-31 12:55:56.179] [parallelSortingLogger] [info] Executing move, rows: (9 )->(7 ), cols: (4 5 6 7 )->(3 4 7 8 )
[2026-08-31 12:55:56.179] [parallelSortingLogger] [info] State after move execution: 
█ ██ ██ █  
█ █  █     
█ ▒██▒▒███ 
 ████████  
███▒███▒█ █
█████▒▒▒██ 
  █▒██▒▒█  
  ███████  
  ████████ 
██      █  
█        █ 

[2026-08-31 12:55:56.179] [parallelSortingLogger] [info] Best multi row and column move can fill 4 at a cost of 50.59082677106275 per gap
[2026-08-31 12:55:56.180] [parallelSortingLogger] [info] Best single index move function found 1 moves
[2026-08-31 12:55:56.180] [parallelSortingLogger] [info] Best single index move can fill 3 at a cost of 55.442424242666675 per gap
[2026-08-31 12:55:56.180] [parallelSortingLogger] [info] Executing move, rows: (1 4 5 )->(2 5 6 ), cols: (0 1 )->(6 7 )
[2026-08-31 12:55:56.180] [parallelSortingLogger] [info] State after move execution: 
█ ██ ██ █  
  █  █     
█ ▒██▒████ 
 ████████  
  █▒███▒█ █
  ███▒████ 
  █▒█████  
  ███████  
  ████████ 
██      █  
█        █ 

[2026-08-31 12:55:56.180] [parallelSortingLogger] [info] Best multi row and column move can fill 0 at a cost of inf per gap
[2026-08-31 12:55:56.180] [parallelSortingLogger] [info] Best single index move function found 1 moves
[2026-08-31 12:55:56.180] [parallelSortingLogger] [info] Best single index move can fill 2 at a cost of 79.081818182 per gap
[2026-08-31 12:55:56.180] [parallelSortingLogger] [info] Executing move, rows: (1 2 )->(2 4 ), cols: (2 5 9 )->(2 5 7 )
[2026-08-31 12:55:56.180] [parallelSortingLogger] [info] State after move execution: 
█ ██ ██ █  
           
█ ███████  
 ████████  
  █▒█████ █
  ███▒████ 
  █▒█████  
  ███████  
  ████████ 
██      █  
█        █ 

[2026-08-31 12:55:56.180] [parallelSortingLogger] [info] Best multi row and column move can fill 0 at a cost of inf per gap
[2026-08-31 12:55:56.180] [parallelSortingLogger] [info] Best single index move function found 1 moves
[2026-08-31 12:55:56.180] [parallelSortingLogger] [info] Best single index move can fill 1 at a cost of 169.708761628251 per gap
[2026-08-31 12:55:56.180] [parallelSortingLogger] [info] Executing move, rows: (3 5 9 )->(4 5 6 ), cols: (1 9 )->(3 5 )
[2026-08-31 12:55:56.180] [parallelSortingLogger] [info] State after move execution: 
█ ██ ██ █  
           
█ ███████  
  ███████  
  ███████ █
  ███████  
  ███████  
  ███████  
  ████████ 
█       █  
█        █ 

[2026-08-31 12:55:56.180] [parallelSortingLogger] [info] Total time taken by move function 0: 834360ns
[2026-08-31 12:55:56.180] [parallelSortingLogger] [info] Total time taken by move function 1: 6354ns
[2026-08-31 12:55:56.180] [parallelSortingLogger] [info] Total time taken by move function 2: 315307ns
[2026-08-31 12:55:56.180] [parallelSortingLogger] [info] Best multi row and column move can fill 10 at a cost of 21.052694344825102 per gap
[2026-08-31 12:55:56.180] [parallelSortingLogger] [info] Best single index move function found 1 moves
[2026-08-31 12:55:56.180] [parallelSortingLogger] [info] Best single index move can fill 6 at a cost of 31.006005726041835 per gap
[2026-08-31 12:55:56.180] [parallelSortingLogger] [info] Executing move, rows: (0 10 )->(2 4 ), cols: (3 5 6 7 9 )->(2 3 5 6 8 )
[2026-08-31 12:55:56.180] [parallelSortingLogger] [info] State after move execution: 
  █ █     █
███   ███ █
███████████
█ ▒█▒▒█▒▒  
 █████████ 
 ██▒█▒▒█▒  
 ███▒▒█▒█ █
█ ██▒▒▒███ 
████▒██▒▒ █
   ██  █ ██
█       █ █

[2026-08-31 12:55:56.181] [parallelSortingLogger] [info] Best multi row and column move can fill 6 at a cost of 32.3666117867085 per gap
[2026-08-31 12:55:56.181] [parallelSortingLogger] [info] Best single index move function found 1 moves
[2026-08-31 12:55:56.181] [parallelSortingLogger] [info] Best single index move can fill 4 at a cost of 42.42719040706275 per gap
[2026-08-31 12:55:56.181] [parallelSortingLogger] [info] Executing move, rows: (1 8 10 )->(3 6 8 ), cols: (0 1 10 )->(4 5 7 )
[2026-08-31 12:55:56.181] [parallelSortingLogger] [info] State after move execution: 
  █ █     █
  █   ███  
███████████
█ ▒█████▒  
 █████████ 
 ██▒█▒▒█▒  
 ████████ █
█ ██▒▒▒███ 
  ██████▒  
   ██  █ ██
        █  

[2026-08-31 12:55:56.181] [parallelSortingLogger] [info] Best multi row and column move can fill 0 at a cost of inf per gap
[2026-08-31 12:55:56.181] [parallelSortingLogger] [info] Best single index move function found 2 moves
[2026-08-31 12:55:56.181] [parallelSortingLogger] [info] Best single index move can fill 4 at a cost of 46.50900858906275 per gap
[2026-08-31 12:55:56.181] [parallelSortingLogger] [info] Executing move, rows: (1 9 )->(5 7 ), cols: (2 6 7 8 )->(3 5 6 8 )
[2026-08-31 12:55:56.181] [parallelSortingLogger] [info] State after move execution: 
  █ █     █
           
███████████
█ ▒█████▒  
 █████████ 
 ████████  
 ████████ █
█ ██▒▒████ 
  ██████▒  
   ██    ██
        █  

[2026-08-31 12:55:56.181] [parallelSortingLogger] [info] Best multi row and column move can fill 0 at a cost of inf per gap
[2026-08-31 12:55:56.181] [parallelSortingLogger] [info] Best single index move function found 3 moves
[2026-08-31 12:55:56.181] [parallelSortingLogger] [info] Best single index move can fill 2 at a cost of 80.77256263212549 per gap
[2026-08-31 12:55:56.181] [parallelSortingLogger] [info] Executing move, rows: (2 7 )->(3 8 ), cols: (1 9 )->(2 8 )
[2026-08-31 12:55:56.181] [parallelSortingLogger] [info] Next best move skipped as it could not be confirmed
[2026-08-31 12:55:56.181] [parallelSortingLogger] [info] Next best move skipped as it could not be confirmed
[2026-08-31 12:55:56.181] [parallelSortingLogger] [info] State after move execution: 
  █ █     █
           
█ ███████ █
█ ███████  
 █████████ 
 ████████  
 ████████ █
█ ██▒▒███  
  ███████  
   ██    ██
        █  

[2026-08-31 12:55:56.181] [parallelSortingLogger] [info] Best multi row and column move can fill 0 at a cost of inf per gap
[2026-08-31 12:55:56.181] [parallelSortingLogger] [info] Best single index move function found 1 moves
[2026-08-31 12:55:56.181] [parallelSortingLogger] [info] Best single index move can fill 2 at a cost of 84.8543808141255 per gap
[2026-08-31 12:55:56.181] [parallelSortingLogger] [info] Executing move, rows: (9 )->(7 ), cols: (3 4 )->(4 5 )
[2026-08-31 12:55:56.181] [parallelSortingLogger] [info] State after move execution: 
  █ █     █
           
█ ███████ █
█ ███████  
 █████████ 
 ████████  
 ████████ █
█ ███████  
  ███████  
         ██
        █  

[2026-08-31 12:55:56.181] [parallelSortingLogger] [info] Total time taken by move function 0: 850326ns
[2026-08-31 12:55:56.181] [parallelSortingLogger] [info] Total time taken by move function 1: 6903ns
[2026-08-31 12:55:56.181] [parallelSortingLogger] [info] Total time taken by move function 2: 352333ns
[2026-08-31 12:55:56.182] [parallelSortingLogger] [info] Best multi row and column move can fill 6 at a cost of 31.803030303333333 per gap
[2026-08-31 12:55:56.182] [parallelSortingLogger] [info] Best single index move function found 1 moves
[2026-08-31 12:55:56.182] [parallelSortingLogger] [info] Best single index move can fill 5 at a cost of 35.574479598450196 per gap
[2026-08-31 12:55:56.182] [parallelSortingLogger] [info] Executing move, rows: (1 10 )->(6 7 ), cols: (0 3 5 6 )->(2 3 5 6 )
[2026-08-31 12:55:56.182] [parallelSortingLogger] [info] State after move execution: 
 ████ █ █  
  █      ██
█ ██▒▒█▒▒ █
 ███▒▒▒█▒██
█ ████▒█▒  
  █▒█▒███ █
█ ██████▒ █
█████████  
██▒█▒██▒█ █
█ ████ █   
 ██      █ 

[2026-08-31 12:55:56.191] [parallelSortingLogger] [info] Best multi row and column move can fill 6 at a cost of 37.80903602937517 per gap
[2026-08-31 12:55:56.191] [parallelSortingLogger] [info] Best single index move function found 3 moves
[2026-08-31 12:55:56.191] [parallelSortingLogger] [info] Best single index move can fill 4 at a cost of 42.42719040706275 per gap
[2026-08-31 12:55:56.191] [parallelSortingLogger] [info] Executing move, rows: (0 9 10 )->(2 3 8 ), cols: (2 3 4 )->(4 5 8 )
[2026-08-31 12:55:56.191] [parallelSortingLogger] [info] State after move execution: 
 █    █ █  
  █      ██
█ █████▒█ █
 █████▒████
█ ████▒█▒  
  █▒█▒███ █
█ ██████▒ █
█████████  
██▒████▒█ █
█    █ █   
 █       █ 

[2026-08-31 12:55:56.191] [parallelSortingLogger] [info] Best multi row and column move can fill 0 at a cost of inf per gap
[2026-08-31 12:55:56.191] [parallelSortingLogger] [info] Best single index move function found 2 moves
[2026-08-31 12:55:56.191] [parallelSortingLogger] [info] Best single index move can fill 2 at a cost of 84.8543808141255 per gap
[2026-08-31 12:55:56.191] [parallelSortingLogger] [info] Executing move, rows: (3 4 5 )->(4 5 6 ), cols: (0 9 10 )->(3 6 8 )
[2026-08-31 12:55:56.192] [parallelSortingLogger] [info] State after move execution: 
 █    █ █  
  █      ██
█ █████▒█ █
 █████▒██  
  ███████  
  ███▒███  
█ ███████ █
█████████  
██▒████▒█ █
█    █ █   
 █       █ 

[2026-08-31 12:55:56.192] [parallelSortingLogger] [info] Best multi row and column move can fill 0 at a cost of inf per gap
[2026-08-31 12:55:56.192] [parallelSortingLogger] [info] Best single index move function found 1 moves
[2026-08-31 12:55:56.192] [parallelSortingLogger] [info] Best single index move can fill 2 at a cost of 88.9361989961255 per gap
[2026-08-31 12:55:56.192] [parallelSortingLogger] [info] Executing move, rows: (1 8 )->(2 8 ), cols: (0 10 )->(2 7 )
[2026-08-31 12:55:56.192] [parallelSortingLogger] [info] State after move execution: 
 █    █ █  
  █      █ 
█ ███████ █
 █████▒██  
  ███████  
  ███▒███  
█ ███████ █
█████████  
 ████████  
█    █ █   
 █       █ 

[2026-08-31 12:55:56.192] [parallelSortingLogger] [info] Best multi row and column move can fill 0 at a cost of inf per gap
[2026-08-31 12:55:56.192] [parallelSortingLogger] [info] Best single index move function found 1 moves
[2026-08-31 12:55:56.192] [parallelSortingLogger] [info] Best single index move can fill 1 at a cost of 174.490909092 per gap
[2026-08-31 12:55:56.192] [parallelSortingLogger] [info] Executing move, rows: (0 9 )->(3 5 ), cols: (5 6 )->(5 6 )
[2026-08-31 12:55:56.192] [parallelSortingLogger] [info] State after move execution: 
 █      █  
  █      █ 
█ ███████ █
 ████████  
  ███████  
  ███████  
█ ███████ █
█████████  
 ████████  
█      █   
 █       █ 

[2026-08-31 12:55:56.192] [parallelSortingLogger] [info] Total time taken by move function 0: 10012704ns
[2026-08-31 12:55:56.192] [parallelSortingLogger] [info] Total time taken by move function 1: 9103ns
[2026-08-31 12:55:56.192] [parallelSortingLogger] [info] Total time taken by move function 2: 516956ns
[2026-08-31 12:55:56.192] [parallelSortingLogger] [info] Best multi row and column move can fill 8 at a cost of 26.315867931031374 per gap
[2026-08-31 12:55:56.192] [parallelSortingLogger] [info] Best single index move function found 1 moves
[2026-08-31 12:55:56.192] [parallelSortingLogger] [info] Best single index move can fill 6 at a cost of 29.645399665375166 per gap
[2026-08-31 12:55:56.192] [parallelSortingLogger] [info] Executing move, rows: (3 10 )->(2 7 ), cols: (1 2 3 6 7 8 )->(2 3 4 5 6 7 )
[2026-08-31 12:55:56.192] [parallelSortingLogger] [info] State after move execution: 
█ ██  ████ 
██ █  █ █  
████████▒██
  ▒▒▒█▒▒▒ █
  ▒█▒█▒█▒  
█ ▒▒▒▒███  
█ █▒█▒▒██  
█ ██████▒ █
 █▒▒█▒██▒  
    █████  
          █

[2026-08-31 12:55:56.193] [parallelSortingLogger] [info] Best multi row and column move can fill 8 at a cost of 23.254504294531376 per gap
[2026-08-31 12:55:56.193] [parallelSortingLogger] [info] Best single index move function found 2 moves
[2026-08-31 12:55:56.193] [parallelSortingLogger] [info] Best single index move can fill 2 at a cost of 80.77256263212549 per gap
[2026-08-31 12:55:56.193] [parallelSortingLogger] [info] Executing move, rows: (0 1 6 )->(3 4 8 ), cols: (0 3 6 8 )->(2 4 6 8 )
[2026-08-31 12:55:56.193] [parallelSortingLogger] [info] State after move execution: 
  █    █ █ 
 █         
████████▒██
  █▒███▒█ █
  ███████  
█ ▒▒▒▒███  
  █▒█▒▒█▒  
█ ██████▒ █
 ██▒█▒███  
    █████  
          █

[2026-08-31 12:55:56.193] [parallelSortingLogger] [info] Best multi row and column move can fill 0 at a cost of inf per gap
[2026-08-31 12:55:56.193] [parallelSortingLogger] [info] Best single index move function found 1 moves
[2026-08-31 12:55:56.193] [parallelSortingLogger] [info] Best single index move can fill 4 at a cost of 44.46809949806275 per gap
[2026-08-31 12:55:56.193] [parallelSortingLogger] [info] Executing move, rows: (0 1 9 )->(2 5 6 ), cols: (1 4 5 6 7 )->(2 3 5 6 8 )
[2026-08-31 12:55:56.193] [parallelSortingLogger] [info] State after move execution: 
  █      █ 
           
███████████
  █▒███▒█ █
  ███████  
█ █▒▒▒███  
  ███████  
█ ██████▒ █
 ██▒█▒███  
        █  
          █

[2026-08-31 12:55:56.193] [parallelSortingLogger] [info] Best multi row and column move can fill 4 at a cost of 52.63173586206275 per gap
[2026-08-31 12:55:56.193] [parallelSortingLogger] [info] Best single index move function found 1 moves
[2026-08-31 12:55:56.193] [parallelSortingLogger] [info] Best single index move can fill 3 at a cost of 59.29079933075033 per gap
[2026-08-31 12:55:56.193] [parallelSortingLogger] [info] Executing move, rows: (2 7 )->(5 8 ), cols: (0 1 10 )->(3 4 5 )
[2026-08-31 12:55:56.193] [parallelSortingLogger] [info] State after move execution: 
  █      █ 
           
  ████████ 
  █▒███▒█ █
  ███████  
█ ███████  
  ███████  
  ██████▒  
 ████████  
        █  
          █

[2026-08-31 12:55:56.193] [parallelSortingLogger] [info] Best multi row and column move can fill 0 at a cost of inf per gap
[2026-08-31 12:55:56.193] [parallelSortingLogger] [info] Best single index move function found 1 moves
[2026-08-31 12:55:56.193] [parallelSortingLogger] [info] Best single index move can fill 1 at a cost of 166.32727272800003 per gap
[2026-08-31 12:55:56.193] [parallelSortingLogger] [info] Executing move, rows: (0 9 )->(3 7 ), cols: (2 8 )->(3 8 )
[2026-08-31 12:55:56.193] [parallelSortingLogger] [info] State after move execution: 
         █ 
           
  ████████ 
  █████▒█ █
  ███████  
█ ███████  
  ███████  
  ███████  
 ████████  
           
          █

[2026-08-31 12:55:56.194] [parallelSortingLogger] [info] Best multi row and column move can fill 0 at a cost of inf per gap
[2026-08-31 12:55:56.194] [parallelSortingLogger] [info] Best single index move function found 1 moves
[2026-08-31 12:55:56.194] [parallelSortingLogger] [info] Best single index move can fill 1 at a cost of 169.708761628251 per gap
[2026-08-31 12:55:56.194] [parallelSortingLogger] [info] Executing move, rows: (2 )->(3 ), cols: (9 )->(7 )
[2026-08-31 12:55:56.194] [parallelSortingLogger] [info] State after move execution: 
         █ 
           
  ███████  
  ███████ █
  ███████  
█ ███████  
  ███████  
  ███████  
 ████████  
           
          █

[2026-08-31 12:55:56.194] [parallelSortingLogger] [info] Total time taken by move function 0: 985707ns
[2026-08-31 12:55:56.194] [parallelSortingLogger] [info] Total time taken by move function 1: 7940ns
[2026-08-31 12:55:56.194] [parallelSortingLogger] [info] Total time taken by move function 2: 425176ns
[2026-08-31 12:55:56.194] [parallelSortingLogger] [info] Best multi row and column move can fill 6 at a cost of 32.366611786708496 per gap
[2026-08-31 12:55:56.194] [parallelSortingLogger] [info] Best single index move function found 2 moves
[2026-08-31 12:55:56.194] [parallelSortingLogger] [info] Best single index move can fill 5 at a cost of 37.2072068712502 per gap
[2026-08-31 12:55:56.194] [parallelSortingLogger] [info] Executing move, rows: (1 10 )->(4 6 ), cols: (1 2 4 5 6 )->(2 3 4 6 7 )
[2026-08-31 12:55:56.194] [parallelSortingLogger] [info] State after move execution: 
████ ██    
█       █ █
███▒▒██▒▒ █
█ ▒█▒▒▒█▒██
 ██████▒▒██
  ██▒█▒████
 ████████  
████▒█▒███ 
  ██▒▒█▒██ 
   █ █  █ █
        ██ 

[2026-08-31 12:55:56.194] [parallelSortingLogger] [info] Best multi row and column move can fill 6 at a cost of 33.727217847375165 per gap
[2026-08-31 12:55:56.194] [parallelSortingLogger] [info] Best single index move function found 2 moves
[2026-08-31 12:55:56.194] [parallelSortingLogger] [info] Best single index move can fill 5 at a cost of 38.8399341440502 per gap
[2026-08-31 12:55:56.194] [parallelSortingLogger] [info] Executing move, rows: (3 4 5 7 )->(3 5 7 8 ), cols: (9 10 )->(4 6 )
[2026-08-31 12:55:56.194] [parallelSortingLogger] [info] State after move execution: 
████ ██    
█       █ █
███▒▒██▒▒ █
█ ▒██▒██▒  
 ██████▒▒  
  ███████  
 ████████  
█████████  
  ███▒█▒██ 
   █ █  █ █
        ██ 

[2026-08-31 12:55:56.195] [parallelSortingLogger] [info] Best multi row and column move can fill 4 at a cost of 54.67264495306275 per gap
[2026-08-31 12:55:56.195] [parallelSortingLogger] [info] Best single index move function found 2 moves
[2026-08-31 12:55:56.195] [parallelSortingLogger] [info] Best single index move can fill 3 at a cost of 56.569587209417 per gap
[2026-08-31 12:55:56.195] [parallelSortingLogger] [info] Executing move, rows: (0 1 )->(2 3 ), cols: (2 3 6 8 )->(3 4 7 8 )
[2026-08-31 12:55:56.195] [parallelSortingLogger] [info] State after move execution: 
██   █     
█         █
████████▒ █
█ ▒██▒███  
 ██████▒▒  
  ███████  
 ████████  
█████████  
  ███▒█▒██ 
   █ █  █ █
        ██ 

[2026-08-31 12:55:56.195] [parallelSortingLogger] [info] Best multi row and column move can fill 0 at a cost of inf per gap
[2026-08-31 12:55:56.195] [parallelSortingLogger] [info] Best single index move function found 2 moves
[2026-08-31 12:55:56.195] [parallelSortingLogger] [info] Best single index move can fill 2 at a cost of 88.9361989961255 per gap
[2026-08-31 12:55:56.195] [parallelSortingLogger] [info] Executing move, rows: (0 8 9 )->(3 4 8 ), cols: (1 5 9 )->(2 5 8 )
[2026-08-31 12:55:56.195] [parallelSortingLogger] [info] State after move execution: 
█          
█         █
████████▒ █
█ ███████  
 ██████▒█  
  ███████  
 ████████  
█████████  
  █████▒█  
   █    █ █
        ██ 

[2026-08-31 12:55:56.195] [parallelSortingLogger] [info] Best multi row and column move can fill 0 at a cost of inf per gap
[2026-08-31 12:55:56.195] [parallelSortingLogger] [info] Best single index move function found 2 moves
[2026-08-31 12:55:56.195] [parallelSortingLogger] [info] Best single index move can fill 2 at a cost of 101.1816535421255 per gap
[2026-08-31 12:55:56.195] [parallelSortingLogger] [info] Executing move, rows: (1 4 7 )->(2 4 8 ), cols: (1 10 )->(7 8 )
[2026-08-31 12:55:56.195] [parallelSortingLogger] [info] State after move execution: 
█          
█          
█████████ █
█ ███████  
  ███████  
  ███████  
 ████████  
█ ███████  
  ███████  
   █    █ █
        ██ 

[2026-08-31 12:55:56.195] [parallelSortingLogger] [info] Total time taken by move function 0: 945457ns
[2026-08-31 12:55:56.195] [parallelSortingLogger] [info] Total time taken by move function 1: 6854ns
[2026-08-31 12:55:56.195] [parallelSortingLogger] [info] Total time taken by move function 2: 482099ns
[2026-08-31 12:55:56.195] [parallelSortingLogger] [info] Best multi row and column move can fill 8 at a cost of 26.315867931031377 per gap
[2026-08-31 12:55:56.195] [parallelSortingLogger] [info] Best single index move function found 1 moves
[2026-08-31 12:55:56.195] [parallelSortingLogger] [info] Best single index move can fill 5 at a cost of 33.9417523256502 per gap
[2026-08-31 12:55:56.195] [parallelSortingLogger] [info] Executing move, rows: (0 1 )->(2 3 ), cols: (1 3 5 6 7 )->(2 3 4 5 7 )
[2026-08-31 12:55:56.195] [parallelSortingLogger] [info] State after move execution: 
        ███
  █      █ 
  ███████  
 ██▒██▒█▒ █
  ▒█▒█▒█▒  
  ▒█▒█▒████
 ███▒█▒█▒  
  ▒██▒███  
 ██▒▒██▒██ 
██    █   █
███████  ██

[2026-08-31 12:55:56.196] [parallelSortingLogger] [info] Best multi row and column move can fill 6 at a cost of 33.727217847375165 per gap
[2026-08-31 12:55:56.196] [parallelSortingLogger] [info] Best single index move function found 1 moves
[2026-08-31 12:55:56.196] [parallelSortingLogger] [info] Best single index move can fill 4 at a cost of 50.59082677106275 per gap
[2026-08-31 12:55:56.196] [parallelSortingLogger] [info] Executing move, rows: (0 5 8 10 )->(3 4 5 6 ), cols: (9 10 )->(6 8 )
[2026-08-31 12:55:56.196] [parallelSortingLogger] [info] State after move execution: 
        █  
  █      █ 
  ███████  
 ██▒█████ █
  ▒█▒████  
  ▒█▒████  
 ███▒████  
  ▒██▒███  
 ██▒▒██▒█  
██    █   █
███████    

[2026-08-31 12:55:56.196] [parallelSortingLogger] [info] Best multi row and column move can fill 0 at a cost of inf per gap
[2026-08-31 12:55:56.196] [parallelSortingLogger] [info] Best single index move function found 1 moves
[2026-08-31 12:55:56.196] [parallelSortingLogger] [info] Best single index move can fill 3 at a cost of 53.84837508808366 per gap
[2026-08-31 12:55:56.196] [parallelSortingLogger] [info] Executing move, rows: (1 3 6 8 )->(3 4 5 7 ), cols: (1 9 10 )->(2 3 4 )
[2026-08-31 12:55:56.196] [parallelSortingLogger] [info] State after move execution: 
        █  
  █        
  ███████  
  ███████  
  ███████  
  ██▒████  
  ██▒████  
  ███▒███  
  █▒▒██▒█  
██    █   █
███████    

[2026-08-31 12:55:56.196] [parallelSortingLogger] [info] Best multi row and column move can fill 0 at a cost of inf per gap
[2026-08-31 12:55:56.196] [parallelSortingLogger] [info] Best single index move function found 1 moves
[2026-08-31 12:55:56.196] [parallelSortingLogger] [info] Best single index move can fill 3 at a cost of 56.569587209417 per gap
[2026-08-31 12:55:56.196] [parallelSortingLogger] [info] Executing move, rows: (10 )->(8 ), cols: (2 3 6 )->(3 4 7 )
[2026-08-31 12:55:56.196] [parallelSortingLogger] [info] State after move execution: 
        █  
  █        
  ███████  
  ███████  
  ███████  
  ██▒████  
  ██▒████  
  ███▒███  
  ███████  
██    █   █
██  ██     

[2026-08-31 12:55:56.196] [parallelSortingLogger] [info] Best multi row and column move can fill 0 at a cost of inf per gap
[2026-08-31 12:55:56.196] [parallelSortingLogger] [info] Best single index move function found 1 moves
[2026-08-31 12:55:56.196] [parallelSortingLogger] [info] Best single index move can fill 1 at a cost of 169.708761628251 per gap
[2026-08-31 12:55:56.196] [parallelSortingLogger] [info] Executing move, rows: (1 9 )->(5 7 ), cols: (2 6 )->(4 5 )
[2026-08-31 12:55:56.196] [parallelSortingLogger] [info] State after move execution: 
        █  
           
  ███████  
  ███████  
  ███████  
  ███████  
  ██▒████  
  ███████  
  ███████  
██        █
██  ██     

[2026-08-31 12:55:56.197] [parallelSortingLogger] [info] Best multi row and column move can fill 0 at a cost of inf per gap
[2026-08-31 12:55:56.197] [parallelSortingLogger] [info] Best single index move function found 1 moves
[2026-08-31 12:55:56.197] [parallelSortingLogger] [info] Best single index move can fill 1 at a cost of 182.65454545600002 per gap
[2026-08-31 12:55:56.197] [parallelSortingLogger] [info] Executing move, rows: (10 )->(6 ), cols: (4 )->(4 )
[2026-08-31 12:55:56.197] [parallelSortingLogger] [info] State after move execution: 
        █  
           
  ███████  
  ███████  
  ███████  
  ███████  
  ███████  
  ███████  
  ███████  
██        █
██   █     

[2026-08-31 12:55:56.197] [parallelSortingLogger] [info] Total time taken by move function 0: 878140ns
[2026-08-31 12:55:56.197] [parallelSortingLogger] [info] Total time taken by move function 1: 8143ns
[2026-08-31 12:55:56.197] [parallelSortingLogger] [info] Total time taken by move function 2: 377487ns
[2026-08-31 12:55:56.197] [parallelSortingLogger] [info] Best multi row and column move can fill 6 at a cost of 29.64539966537517 per gap
[2026-08-31 12:55:56.197] [parallelSortingLogger] [info] Best single index move function found 1 moves
[2026-08-31 12:55:56.197] [parallelSortingLogger] [info] Best single index move can fill 4 at a cost of 40.38628131606274 per gap
[2026-08-31 12:55:56.197] [parallelSortingLogger] [info] Executing move, rows: (0 6 8 10 )->(2 4 6 8 ), cols: (0 9 )->(2 8 )
[2026-08-31 12:55:56.197] [parallelSortingLogger] [info] State after move execution: 
  ██   ██ █
  █  █ █  █
 █████▒██ █
  ▒██▒█▒█  
 ████████  
 ██▒▒█▒▒█ █
  ███▒█▒█  
  ███▒▒▒█  
  ██▒██▒█  
█ █  ████  
 ██  █  █ █

[2026-08-31 12:55:56.197] [parallelSortingLogger] [info] Best multi row and column move can fill 4 at a cost of 46.50900858906275 per gap
[2026-08-31 12:55:56.197] [parallelSortingLogger] [info] Best single index move function found 3 moves
[2026-08-31 12:55:56.197] [parallelSortingLogger] [info] Best single index move can fill 4 at a cost of 46.50900858906275 per gap
[2026-08-31 12:55:56.197] [parallelSortingLogger] [info] Executing move, rows: (0 9 10 )->(3 5 8 ), cols: (5 8 )->(4 7 )
[2026-08-31 12:55:56.197] [parallelSortingLogger] [info] State after move execution: 
  ██   █  █
  █  █ █  █
 █████▒██ █
  ▒██▒███  
 ████████  
 ██▒██▒██ █
  ███▒█▒█  
  ███▒▒▒█  
  ███████  
█ █   ██   
 ██       █

[2026-08-31 12:55:56.197] [parallelSortingLogger] [info] Best multi row and column move can fill 0 at a cost of inf per gap
[2026-08-31 12:55:56.197] [parallelSortingLogger] [info] Best single index move function found 3 moves
[2026-08-31 12:55:56.197] [parallelSortingLogger] [info] Best single index move can fill 2 at a cost of 83.16363636400001 per gap
[2026-08-31 12:55:56.198] [parallelSortingLogger] [info] Executing move, rows: (2 9 )->(3 5 ), cols: (1 6 10 )->(2 3 5 )
[2026-08-31 12:55:56.198] [parallelSortingLogger] [info] State after move execution: 
  ██   █  █
  █  █ █  █
  ████▒██  
  ███████  
 ████████  
 █████▒██ █
  ███▒█▒█  
  ███▒▒▒█  
  ███████  
█ █    █   
 ██       █

[2026-08-31 12:55:56.198] [parallelSortingLogger] [info] Best multi row and column move can fill 0 at a cost of inf per gap
[2026-08-31 12:55:56.198] [parallelSortingLogger] [info] Best single index move function found 1 moves
[2026-08-31 12:55:56.198] [parallelSortingLogger] [info] Best single index move can fill 2 at a cost of 93.0180171781255 per gap
[2026-08-31 12:55:56.198] [parallelSortingLogger] [info] Executing move, rows: (1 5 9 10 )->(2 5 6 7 ), cols: (0 10 )->(5 6 )
[2026-08-31 12:55:56.198] [parallelSortingLogger] [info] State after move execution: 
  ██   █  █
  █  █ █   
  ███████  
  ███████  
 ████████  
 ████████  
  █████▒█  
  ███▒█▒█  
  ███████  
  █    █   
 ██        

[2026-08-31 12:55:56.198] [parallelSortingLogger] [info] Best multi row and column move can fill 0 at a cost of inf per gap
[2026-08-31 12:55:56.198] [parallelSortingLogger] [info] Best single index move function found 1 moves
[2026-08-31 12:55:56.198] [parallelSortingLogger] [info] Best single index move can fill 2 at a cost of 99.49090909200001 per gap
[2026-08-31 12:55:56.198] [parallelSortingLogger] [info] Executing move, rows: (0 1 )->(6 7 ), cols: (5 7 )->(5 7 )
[2026-08-31 12:55:56.198] [parallelSortingLogger] [info] State after move execution: 
  ██      █
  █        
  ███████  
  ███████  
 ████████  
 ████████  
  ███████  
  ███████  
  ███████  
  █    █   
 ██        

[2026-08-31 12:55:56.198] [parallelSortingLogger] [info] Total time taken by move function 0: 804027ns
[2026-08-31 12:55:56.198] [parallelSortingLogger] [info] Total time taken by move function 1: 6745ns
[2026-08-31 12:55:56.198] [parallelSortingLogger] [info] Total time taken by move function 2: 448465ns
[2026-08-31 12:55:56.198] [parallelSortingLogger] [info] Best multi row and column move can fill 6 at a cost of 29.645399665375166 per gap
[2026-08-31 12:55:56.198] [parallelSortingLogger] [info] Best single index move function found 1 moves
[2026-08-31 12:55:56.198] [parallelSortingLogger] [info] Best single index move can fill 5 at a cost of 35.574479598450196 per gap
[2026-08-31 12:55:56.198] [parallelSortingLogger] [info] Executing move, rows: (0 1 9 )->(3 5 8 ), cols: (3 6 7 )->(2 5 6 )
[2026-08-31 12:55:56.198] [parallelSortingLogger] [info] State after move execution: 
███  █    █
█   █   █  
██▒▒██▒█▒█ 
█ █▒████▒█ 
  ▒█████▒  
  █▒███▒█ █
  ████▒▒███
█ ███▒██▒██
 ██████▒██ 
         █ 
█  ███  ██ 

[2026-08-31 12:55:56.199] [parallelSortingLogger] [info] Best multi row and column move can fill 0 at a cost of inf per gap
[2026-08-31 12:55:56.199] [parallelSortingLogger] [info] Best single index move function found 2 moves
[2026-08-31 12:55:56.199] [parallelSortingLogger] [info] Best single index move can fill 3 at a cost of 53.84837508808366 per gap
[2026-08-31 12:55:56.199] [parallelSortingLogger] [info] Executing move, rows: (2 3 6 )->(2 3 7 ), cols: (0 9 )->(3 8 )
[2026-08-31 12:55:56.199] [parallelSortingLogger] [info] State after move execution: 
███  █    █
█   █   █  
 █▒███▒██  
  ███████  
  ▒█████▒  
  █▒███▒█ █
  ████▒▒█ █
█ ███▒█████
 ██████▒██ 
         █ 
█  ███  ██ 

[2026-08-31 12:55:56.199] [parallelSortingLogger] [info] Best multi row and column move can fill 0 at a cost of inf per gap
[2026-08-31 12:55:56.200] [parallelSortingLogger] [info] Best single index move function found 2 moves
[2026-08-31 12:55:56.200] [parallelSortingLogger] [info] Best single index move can fill 3 at a cost of 59.29079933075033 per gap
[2026-08-31 12:55:56.200] [parallelSortingLogger] [info] Executing move, rows: (2 5 6 7 )->(2 5 6 8 ), cols: (1 10 )->(2 7 )
[2026-08-31 12:55:56.200] [parallelSortingLogger] [info] State after move execution: 
███  █    █
█   █   █  
  ████▒██  
  ███████  
  ▒█████▒  
  █▒█████  
  ████▒██  
█ ███▒████ 
 █████████ 
         █ 
█  ███  ██ 

[2026-08-31 12:55:56.200] [parallelSortingLogger] [info] Best multi row and column move can fill 0 at a cost of inf per gap
[2026-08-31 12:55:56.200] [parallelSortingLogger] [info] Best single index move function found 1 moves
[2026-08-31 12:55:56.200] [parallelSortingLogger] [info] Best single index move can fill 2 at a cost of 93.0180171781255 per gap
[2026-08-31 12:55:56.200] [parallelSortingLogger] [info] Executing move, rows: (8 )->(4 ), cols: (1 9 )->(2 8 )
[2026-08-31 12:55:56.200] [parallelSortingLogger] [info] State after move execution: 
███  █    █
█   █   █  
  ████▒██  
  ███████  
  ███████  
  █▒█████  
  ████▒██  
█ ███▒████ 
  ███████  
         █ 
█  ███  ██ 

[2026-08-31 12:55:56.200] [parallelSortingLogger] [info] Best multi row and column move can fill 0 at a cost of inf per gap
[2026-08-31 12:55:56.200] [parallelSortingLogger] [info] Best single index move function found 3 moves
[2026-08-31 12:55:56.200] [parallelSortingLogger] [info] Best single index move can fill 2 at a cost of 101.1816535421255 per gap
[2026-08-31 12:55:56.200] [parallelSortingLogger] [info] Executing move, rows: (1 10 )->(2 6 ), cols: (8 )->(6 )
[2026-08-31 12:55:56.200] [parallelSortingLogger] [info] Next best move skipped as it could not be confirmed
[2026-08-31 12:55:56.200] [parallelSortingLogger] [info] State after move execution: 
███  █    █
█   █      
  ███████  
  ███████  
  ███████  
  █▒█████  
  ███████  
█ ███▒████ 
  ███████  
         █ 
█  ███   █ 

[2026-08-31 12:55:56.200] [parallelSortingLogger] [info] Best multi row and column move can fill 0 at a cost of inf per gap
[2026-08-31 12:55:56.200] [parallelSortingLogger] [info] Best single index move function found 1 moves
[2026-08-31 12:55:56.200] [parallelSortingLogger] [info] Best single index move can fill 1 at a cost of 177.872397992251 per gap
[2026-08-31 12:55:56.200] [parallelSortingLogger] [info] Executing move, rows: (0 10 )->(5 7 ), cols: (2 4 )->(3 5 )
[2026-08-31 12:55:56.200] [parallelSortingLogger] [info] State after move execution: 
██   █    █
█   █      
  ███████  
  ███████  
  ███████  
  ███████  
  ███████  
█ ████████ 
  ███████  
         █ 
█  █ █   █ 

[2026-08-31 12:55:56.200] [parallelSortingLogger] [info] Total time taken by move function 0: 1591665ns
[2026-08-31 12:55:56.200] [parallelSortingLogger] [info] Total time taken by move function 1: 8463ns
[2026-08-31 12:55:56.200] [parallelSortingLogger] [info] Total time taken by move function 2: 480307ns
[2026-08-31 12:55:56.200] [parallelSortingLogger] [info] Best multi row and column move can fill 0 at a cost of inf per gap
[2026-08-31 12:55:56.201] [parallelSortingLogger] [info] Best single index move function found 1 moves
[2026-08-31 12:55:56.201] [parallelSortingLogger] [info] Best single index move can fill 6 at a cost of 28.2847936047085 per gap
[2026-08-31 12:55:56.201] [parallelSortingLogger] [info] Executing move, rows: (9 10 )->(7 8 ), cols: (1 2 3 5 7 8 )->(2 3 4 5 6 8 )
[2026-08-31 12:55:56.201] [parallelSortingLogger] [info] State after move execution: 
  █    ████
  █  █ █ ██
  ▒▒▒▒█▒██ 
 ██▒▒▒███ █
████▒▒██▒██
  ▒██▒▒█▒ █
 █▒██▒▒█▒█ 
 ████▒███ █
█ ███████  
          █
█         █

[2026-08-31 12:55:56.201] [parallelSortingLogger] [info] Best multi row and column move can fill 6 at a cost of 32.3666117867085 per gap
[2026-08-31 12:55:56.201] [parallelSortingLogger] [info] Best single index move function found 3 moves
[2026-08-31 12:55:56.201] [parallelSortingLogger] [info] Best single index move can fill 5 at a cost of 38.8399341440502 per gap
[2026-08-31 12:55:56.201] [parallelSortingLogger] [info] Executing move, rows: (0 1 2 10 )->(2 3 4 6 ), cols: (0 2 7 9 )->(2 3 4 5 )
[2026-08-31 12:55:56.201] [parallelSortingLogger] [info] State after move execution: 
        █ █
     █    █
  ▒████▒█  
 ████████ █
████▒███▒██
  ▒██▒▒█▒ █
 ████▒▒█▒█ 
 ████▒███ █
█ ███████  
          █
          █

[2026-08-31 12:55:56.201] [parallelSortingLogger] [info] Best multi row and column move can fill 4 at a cost of 46.50900858906275 per gap
[2026-08-31 12:55:56.201] [parallelSortingLogger] [info] Best single index move function found 4 moves
[2026-08-31 12:55:56.201] [parallelSortingLogger] [info] Best single index move can fill 3 at a cost of 64.73322357341699 per gap
[2026-08-31 12:55:56.201] [parallelSortingLogger] [info] Executing move, rows: (4 6 7 )->(5 6 7 ), cols: (1 9 )->(5 6 )
[2026-08-31 12:55:56.201] [parallelSortingLogger] [info] Next best move skipped as it could not be confirmed
[2026-08-31 12:55:56.201] [parallelSortingLogger] [info] State after move execution: 
        █ █
     █    █
  ▒████▒█  
 ████████ █
█ ██▒███▒ █
  ▒█████▒ █
  ██████▒  
  ███████ █
█ ███████  
          █
          █

[2026-08-31 12:55:56.202] [parallelSortingLogger] [info] Best multi row and column move can fill 0 at a cost of inf per gap
[2026-08-31 12:55:56.202] [parallelSortingLogger] [info] Best single index move function found 2 moves
[2026-08-31 12:55:56.202] [parallelSortingLogger] [info] Best single index move can fill 2 at a cost of 109.3452899061255 per gap
[2026-08-31 12:55:56.202] [parallelSortingLogger] [info] Executing move, rows: (3 4 5 )->(4 5 6 ), cols: (0 10 )->(2 8 )
[2026-08-31 12:55:56.202] [parallelSortingLogger] [info] State after move execution: 
        █ █
     █    █
  ▒████▒█  
 ████████  
  ██▒████  
  ███████  
  ███████  
  ███████ █
█ ███████  
          █
          █

[2026-08-31 12:55:56.202] [parallelSortingLogger] [info] Best multi row and column move can fill 0 at a cost of inf per gap
[2026-08-31 12:55:56.202] [parallelSortingLogger] [info] Best single index move function found 2 moves
[2026-08-31 12:55:56.202] [parallelSortingLogger] [info] Best single index move can fill 1 at a cost of 161.54512526425097 per gap
[2026-08-31 12:55:56.202] [parallelSortingLogger] [info] Executing move, rows: (3 7 )->(2 4 ), cols: (1 10 )->(2 4 )
[2026-08-31 12:55:56.202] [parallelSortingLogger] [info] Next best move skipped as it could not be confirmed
[2026-08-31 12:55:56.202] [parallelSortingLogger] [info] State after move execution: 
        █ █
     █    █
  █████▒█  
  ███████  
  ███████  
  ███████  
  ███████  
  ███████  
█ ███████  
          █
          █

[2026-08-31 12:55:56.202] [parallelSortingLogger] [info] Best multi row and column move can fill 0 at a cost of inf per gap
[2026-08-31 12:55:56.202] [parallelSortingLogger] [info] Best single index move function found 2 moves
[2026-08-31 12:55:56.202] [parallelSortingLogger] [info] Best single index move can fill 1 at a cost of 169.708761628251 per gap
[2026-08-31 12:55:56.202] [parallelSortingLogger] [info] Executing move, rows: (1 )->(2 ), cols: (5 )->(7 )
[2026-08-31 12:55:56.202] [parallelSortingLogger] [info] Next best move skipped as it could not be confirmed
[2026-08-31 12:55:56.202] [parallelSortingLogger] [info] State after move execution: 
        █ █
          █
  ███████  
  ███████  
  ███████  
  ███████  
  ███████  
  ███████  
█ ███████  
          █
          █

[2026-08-31 12:55:56.202] [parallelSortingLogger] [info] Total time taken by move function 0: 954133ns
[2026-08-31 12:55:56.202] [parallelSortingLogger] [info] Total time taken by move function 1: 7684ns
[2026-08-31 12:55:56.202] [parallelSortingLogger] [info] Total time taken by move function 2: 592189ns
[2026-08-31 12:55:56.202] [parallelSortingLogger] [info] Best multi row and column move can fill 6 at a cost of 32.3666117867085 per gap
[2026-08-31 12:55:56.202] [parallelSortingLogger] [info] Best single index move function found 2 moves
[2026-08-31 12:55:56.202] [parallelSortingLogger] [info] Best single index move can fill 5 at a cost of 38.8399341440502 per gap
[2026-08-31 12:55:56.202] [parallelSortingLogger] [info] Executing move, rows: (0 1 3 10 )->(3 4 5 6 ), cols: (0 6 )->(2 7 )
[2026-08-31 12:55:56.202] [parallelSortingLogger] [info] State after move execution: 
    █   █ █
          █
  ██▒▒▒███ 
  ████▒██  
 ██▒█▒▒██  
 ██▒████▒  
 ████▒██▒  
███▒▒█▒██  
███▒███▒█  
  ███  ███ 
 ██ ██ █ █ 

[2026-08-31 12:55:56.203] [parallelSortingLogger] [info] Best multi row and column move can fill 4 at a cost of 48.54991768006275 per gap
[2026-08-31 12:55:56.203] [parallelSortingLogger] [info] Best single index move function found 1 moves
[2026-08-31 12:55:56.203] [parallelSortingLogger] [info] Best single index move can fill 4 at a cost of 42.42719040706275 per gap
[2026-08-31 12:55:56.203] [parallelSortingLogger] [info] Executing move, rows: (2 4 5 6 7 )->(2 4 5 7 8 ), cols: (1 9 )->(3 6 )
[2026-08-31 12:55:56.203] [parallelSortingLogger] [info] State after move execution: 
    █   █ █
          █
  ██▒▒███  
  ████▒██  
  ███▒▒██  
  ██████▒  
  ███▒██▒  
█ ██▒█▒██  
███████▒█  
  ███  ███ 
 ██ ██ █ █ 

[2026-08-31 12:55:56.203] [parallelSortingLogger] [info] Best multi row and column move can fill 0 at a cost of inf per gap
[2026-08-31 12:55:56.203] [parallelSortingLogger] [info] Best single index move function found 2 moves
[2026-08-31 12:55:56.203] [parallelSortingLogger] [info] Best single index move can fill 2 at a cost of 84.8543808141255 per gap
[2026-08-31 12:55:56.203] [parallelSortingLogger] [info] Executing move, rows: (0 10 )->(2 7 ), cols: (4 5 )->(4 6 )
[2026-08-31 12:55:56.203] [parallelSortingLogger] [info] State after move execution: 
        █ █
          █
  ███▒███  
  ████▒██  
  ███▒▒██  
  ██████▒  
  ███▒██▒  
█ ███████  
███████▒█  
  ███  ███ 
 ██    █ █ 

[2026-08-31 12:55:56.203] [parallelSortingLogger] [info] Best multi row and column move can fill 0 at a cost of inf per gap
[2026-08-31 12:55:56.203] [parallelSortingLogger] [info] Best single index move function found 2 moves
[2026-08-31 12:55:56.203] [parallelSortingLogger] [info] Best single index move can fill 2 at a cost of 97.0998353601255 per gap
[2026-08-31 12:55:56.203] [parallelSortingLogger] [info] Executing move, rows: (9 )->(6 ), cols: (4 7 )->(5 8 )
[2026-08-31 12:55:56.203] [parallelSortingLogger] [info] State after move execution: 
        █ █
          █
  ███▒███  
  ████▒██  
  ███▒▒██  
  ██████▒  
  ███████  
█ ███████  
███████▒█  
  ██    ██ 
 ██    █ █ 

[2026-08-31 12:55:56.203] [parallelSortingLogger] [info] Best multi row and column move can fill 0 at a cost of inf per gap
[2026-08-31 12:55:56.203] [parallelSortingLogger] [info] Best single index move function found 2 moves
[2026-08-31 12:55:56.203] [parallelSortingLogger] [info] Best single index move can fill 1 at a cost of 161.54512526425097 per gap
[2026-08-31 12:55:56.204] [parallelSortingLogger] [info] Executing move, rows: (1 9 )->(5 8 ), cols: (8 10 )->(7 8 )
[2026-08-31 12:55:56.204] [parallelSortingLogger] [info] Next best move skipped as it could not be confirmed
[2026-08-31 12:55:56.204] [parallelSortingLogger] [info] State after move execution: 
        █ █
           
  ███▒███  
  ████▒██  
  ███▒▒██  
  ███████  
  ███████  
█ ███████  
█████████  
  ██     █ 
 ██    █ █ 

[2026-08-31 12:55:56.204] [parallelSortingLogger] [info] Best multi row and column move can fill 0 at a cost of inf per gap
[2026-08-31 12:55:56.204] [parallelSortingLogger] [info] Best single index move function found 1 moves
[2026-08-31 12:55:56.204] [parallelSortingLogger] [info] Best single index move can fill 1 at a cost of 202.363307084251 per gap
[2026-08-31 12:55:56.204] [parallelSortingLogger] [info] Executing move, rows: (10 )->(4 ), cols: (2 7 )->(5 6 )
[2026-08-31 12:55:56.204] [parallelSortingLogger] [info] State after move execution: 
        █ █
           
  ███▒███  
  ████▒██  
  ███████  
  ███████  
  ███████  
█ ███████  
█████████  
  ██     █ 
 █       █ 

[2026-08-31 12:55:56.204] [parallelSortingLogger] [info] Best multi row and column move can fill 0 at a cost